Archive member included to satisfy reference by file (symbol)

C:/ST/STM32CubeIDE_1.17.0/STM32CubeIDE/plugins/com.st.stm32cube.ide.mcu.externaltools.gnu-tools-for-stm32.13.3.rel1.win32_1.0.0.202411081344/tools/bin/../lib/gcc/arm-none-eabi/13.3.1/../../../../arm-none-eabi/lib/thumb/v7e-m+dp/hard\libc_nano.a(libc_a-exit.o)
                              C:/ST/STM32CubeIDE_1.17.0/STM32CubeIDE/plugins/com.st.stm32cube.ide.mcu.externaltools.gnu-tools-for-stm32.13.3.rel1.win32_1.0.0.202411081344/tools/bin/../lib/gcc/arm-none-eabi/13.3.1/../../../../arm-none-eabi/lib/thumb/v7e-m+dp/hard/crt0.o (exit)
C:/ST/STM32CubeIDE_1.17.0/STM32CubeIDE/plugins/com.st.stm32cube.ide.mcu.externaltools.gnu-tools-for-stm32.13.3.rel1.win32_1.0.0.202411081344/tools/bin/../lib/gcc/arm-none-eabi/13.3.1/../../../../arm-none-eabi/lib/thumb/v7e-m+dp/hard\libc_nano.a(libc_a-findfp.o)
                              C:/ST/STM32CubeIDE_1.17.0/STM32CubeIDE/plugins/com.st.stm32cube.ide.mcu.externaltools.gnu-tools-for-stm32.13.3.rel1.win32_1.0.0.202411081344/tools/bin/../lib/gcc/arm-none-eabi/13.3.1/../../../../arm-none-eabi/lib/thumb/v7e-m+dp/hard\libc_nano.a(libc_a-exit.o) (__stdio_exit_handler)
C:/ST/STM32CubeIDE_1.17.0/STM32CubeIDE/plugins/com.st.stm32cube.ide.mcu.externaltools.gnu-tools-for-stm32.13.3.rel1.win32_1.0.0.202411081344/tools/bin/../lib/gcc/arm-none-eabi/13.3.1/../../../../arm-none-eabi/lib/thumb/v7e-m+dp/hard\libc_nano.a(libc_a-fwalk.o)
                              C:/ST/STM32CubeIDE_1.17.0/STM32CubeIDE/plugins/com.st.stm32cube.ide.mcu.externaltools.gnu-tools-for-stm32.13.3.rel1.win32_1.0.0.202411081344/tools/bin/../lib/gcc/arm-none-eabi/13.3.1/../../../../arm-none-eabi/lib/thumb/v7e-m+dp/hard\libc_nano.a(libc_a-findfp.o) (_fwalk_sglue)
C:/ST/STM32CubeIDE_1.17.0/STM32CubeIDE/plugins/com.st.stm32cube.ide.mcu.externaltools.gnu-tools-for-stm32.13.3.rel1.win32_1.0.0.202411081344/tools/bin/../lib/gcc/arm-none-eabi/13.3.1/../../../../arm-none-eabi/lib/thumb/v7e-m+dp/hard\libc_nano.a(libc_a-stdio.o)
                              C:/ST/STM32CubeIDE_1.17.0/STM32CubeIDE/plugins/com.st.stm32cube.ide.mcu.externaltools.gnu-tools-for-stm32.13.3.rel1.win32_1.0.0.202411081344/tools/bin/../lib/gcc/arm-none-eabi/13.3.1/../../../../arm-none-eabi/lib/thumb/v7e-m+dp/hard\libc_nano.a(libc_a-findfp.o) (__sread)
C:/ST/STM32CubeIDE_1.17.0/STM32CubeIDE/plugins/com.st.stm32cube.ide.mcu.externaltools.gnu-tools-for-stm32.13.3.rel1.win32_1.0.0.202411081344/tools/bin/../lib/gcc/arm-none-eabi/13.3.1/../../../../arm-none-eabi/lib/thumb/v7e-m+dp/hard\libc_nano.a(libc_a-vsnprintf.o)
                              ./app/src/uart.o (vsnprintf)
C:/ST/STM32CubeIDE_1.17.0/STM32CubeIDE/plugins/com.st.stm32cube.ide.mcu.externaltools.gnu-tools-for-stm32.13.3.rel1.win32_1.0.0.202411081344/tools/bin/../lib/gcc/arm-none-eabi/13.3.1/../../../../arm-none-eabi/lib/thumb/v7e-m+dp/hard\libc_nano.a(libc_a-memset.o)
                              C:/ST/STM32CubeIDE_1.17.0/STM32CubeIDE/plugins/com.st.stm32cube.ide.mcu.externaltools.gnu-tools-for-stm32.13.3.rel1.win32_1.0.0.202411081344/tools/bin/../lib/gcc/arm-none-eabi/13.3.1/../../../../arm-none-eabi/lib/thumb/v7e-m+dp/hard/crt0.o (memset)
C:/ST/STM32CubeIDE_1.17.0/STM32CubeIDE/plugins/com.st.stm32cube.ide.mcu.externaltools.gnu-tools-for-stm32.13.3.rel1.win32_1.0.0.202411081344/tools/bin/../lib/gcc/arm-none-eabi/13.3.1/../../../../arm-none-eabi/lib/thumb/v7e-m+dp/hard\libc_nano.a(libc_a-closer.o)
                              C:/ST/STM32CubeIDE_1.17.0/STM32CubeIDE/plugins/com.st.stm32cube.ide.mcu.externaltools.gnu-tools-for-stm32.13.3.rel1.win32_1.0.0.202411081344/tools/bin/../lib/gcc/arm-none-eabi/13.3.1/../../../../arm-none-eabi/lib/thumb/v7e-m+dp/hard\libc_nano.a(libc_a-stdio.o) (_close_r)
C:/ST/STM32CubeIDE_1.17.0/STM32CubeIDE/plugins/com.st.stm32cube.ide.mcu.externaltools.gnu-tools-for-stm32.13.3.rel1.win32_1.0.0.202411081344/tools/bin/../lib/gcc/arm-none-eabi/13.3.1/../../../../arm-none-eabi/lib/thumb/v7e-m+dp/hard\libc_nano.a(libc_a-reent.o)
                              C:/ST/STM32CubeIDE_1.17.0/STM32CubeIDE/plugins/com.st.stm32cube.ide.mcu.externaltools.gnu-tools-for-stm32.13.3.rel1.win32_1.0.0.202411081344/tools/bin/../lib/gcc/arm-none-eabi/13.3.1/../../../../arm-none-eabi/lib/thumb/v7e-m+dp/hard\libc_nano.a(libc_a-closer.o) (errno)
C:/ST/STM32CubeIDE_1.17.0/STM32CubeIDE/plugins/com.st.stm32cube.ide.mcu.externaltools.gnu-tools-for-stm32.13.3.rel1.win32_1.0.0.202411081344/tools/bin/../lib/gcc/arm-none-eabi/13.3.1/../../../../arm-none-eabi/lib/thumb/v7e-m+dp/hard\libc_nano.a(libc_a-impure.o)
                              C:/ST/STM32CubeIDE_1.17.0/STM32CubeIDE/plugins/com.st.stm32cube.ide.mcu.externaltools.gnu-tools-for-stm32.13.3.rel1.win32_1.0.0.202411081344/tools/bin/../lib/gcc/arm-none-eabi/13.3.1/../../../../arm-none-eabi/lib/thumb/v7e-m+dp/hard\libc_nano.a(libc_a-vsnprintf.o) (_impure_ptr)
[...]
Memory Configuration

Name             Origin             Length             Attributes
RAM              0x20000000         0x00080000         xrw
FLASH            0x08000000         0x00200000         xr
*default*        0x00000000         0xffffffff

Linker script and memory map

LOAD C:/ST/STM32CubeIDE_1.17.0/STM32CubeIDE/plugins/com.st.stm32cube.ide.mcu.externaltools.gnu-tools-for-stm32.13.3.rel1.win32_1.0.0.202411081344/tools/bin/../lib/gcc/arm-none-eabi/13.3.1/thumb/v7e-m+dp/hard/crti.o
LOAD C:/ST/STM32CubeIDE_1.17.0/STM32CubeIDE/plugins/com.st.stm32cube.ide.mcu.externaltools.gnu-tools-for-stm32.13.3.rel1.win32_1.0.0.202411081344/tools/bin/../lib/gcc/arm-none-eabi/13.3.1/thumb/v7e-m+dp/hard/crtbegin.o
LOAD C:/ST/STM32CubeIDE_1.17.0/STM32CubeIDE/plugins/com.st.stm32cube.ide.mcu.externaltools.gnu-tools-for-stm32.13.3.rel1.win32_1.0.0.202411081344/tools/bin/../lib/gcc/arm-none-eabi/13.3.1/../../../../arm-none-eabi/lib/thumb/v7e-m+dp/hard/crt0.o
LOAD ./Core/Src/main.o
LOAD ./Core/Src/stm32f7xx_hal_msp.o
LOAD ./Core/Src/stm32f7xx_it.o
LOAD ./Core/Src/syscalls.o
LOAD ./Core/Src/sysmem.o
LOAD ./Core/Src/system_stm32f7xx.o
LOAD ./Core/Startup/startup_stm32f767zitx.o
LOAD ./Drivers/STM32F7xx_HAL_Driver/Src/stm32f7xx_hal.o
LOAD ./Drivers/STM32F7xx_HAL_Driver/Src/stm32f7xx_hal_cortex.o
LOAD ./Drivers/STM32F7xx_HAL_Driver/Src/stm32f7xx_hal_dma.o
LOAD ./Drivers/STM32F7xx_HAL_Driver/Src/stm32f7xx_hal_dma_ex.o
LOAD ./Drivers/STM32F7xx_HAL_Driver/Src/stm32f7xx_hal_eth.o
LOAD ./Drivers/STM32F7xx_HAL_Driver/Src/stm32f7xx_hal_exti.o
LOAD ./Drivers/STM32F7xx_HAL_Driver/Src/stm32f7xx_hal_flash.o
LOAD ./Drivers/STM32F7xx_HAL_Driver/Src/stm32f7xx_hal_flash_ex.o
LOAD ./Drivers/STM32F7xx_HAL_Driver/Src/stm32f7xx_hal_gpio.o
LOAD ./Drivers/STM32F7xx_HAL_Driver/Src/stm32f7xx_hal_i2c.o
LOAD ./Drivers/STM32F7xx_HAL_Driver/Src/stm32f7xx_hal_i2c_ex.o
LOAD ./Drivers/STM32F7xx_HAL_Driver/Src/stm32f7xx_hal_pcd.o
LOAD ./Drivers/STM32F7xx_HAL_Driver/Src/stm32f7xx_hal_pcd_ex.o
LOAD ./Drivers/STM32F7xx_HAL_Driver/Src/stm32f7xx_hal_pwr.o
LOAD ./Drivers/STM32F7xx_HAL_Driver/Src/stm32f7xx_hal_pwr_ex.o
LOAD ./Drivers/STM32F7xx_HAL_Driver/Src/stm32f7xx_hal_rcc.o
LOAD ./Drivers/STM32F7xx_HAL_Driver/Src/stm32f7xx_hal_rcc_ex.o
LOAD ./Drivers/STM32F7xx_HAL_Driver/Src/stm32f7xx_hal_spi.o
LOAD ./Drivers/STM32F7xx_HAL_Driver/Src/stm32f7xx_hal_spi_ex.o
LOAD ./Drivers/STM32F7xx_HAL_Driver/Src/stm32f7xx_hal_tim.o
LOAD ./Drivers/STM32F7xx_HAL_Driver/Src/stm32f7xx_hal_tim_ex.o
LOAD ./Drivers/STM32F7xx_HAL_Driver/Src/stm32f7xx_hal_uart.o
LOAD ./Drivers/STM32F7xx_HAL_Driver/Src/stm32f7xx_hal_uart_ex.o
LOAD ./Drivers/STM32F7xx_HAL_Driver/Src/stm32f7xx_ll_usb.o
LOAD ./app/ap.o
LOAD ./app/src/Heating Module Src/fan.o
LOAD ./app/src/Heating Module Src/fan_speed.o
LOAD ./app/src/Heating Module Src/pid.o
LOAD ./app/src/Heating Module Src/pid_control.o
LOAD ./app/src/Heating Module Src/pwm.o
LOAD ./app/src/Heating Module Src/temp_sensor.o
LOAD ./app/src/led.o
LOAD ./app/src/touch.o
LOAD ./app/src/uart.o
LOAD ./app/src/utils.o
START GROUP
LOAD C:/ST/STM32CubeIDE_1.17.0/STM32CubeIDE/plugins/com.st.stm32cube.ide.mcu.externaltools.gnu-tools-for-stm32.13.3.rel1.win32_1.0.0.202411081344/tools/bin/../lib/gcc/arm-none-eabi/13.3.1/../../../../arm-none-eabi/lib/thumb/v7e-m+dp/hard\libc_nano.a
LOAD C:/ST/STM32CubeIDE_1.17.0/STM32CubeIDE/plugins/com.st.stm32cube.ide.mcu.externaltools.gnu-tools-for-stm32.13.3.rel1.win32_1.0.0.202411081344/tools/bin/../lib/gcc/arm-none-eabi/13.3.1/../../../../arm-none-eabi/lib/thumb/v7e-m+dp/hard\libm.a
END GROUP
START GROUP
LOAD C:/ST/STM32CubeIDE_1.17.0/STM32CubeIDE/plugins/com.st.stm32cube.ide.mcu.externaltools.gnu-tools-for-stm32.13.3.rel1.win32_1.0.0.202411081344/tools/bin/../lib/gcc/arm-none-eabi/13.3.1/thumb/v7e-m+dp/hard\libgcc.a
LOAD C:/ST/STM32CubeIDE_1.17.0/STM32CubeIDE/plugins/com.st.stm32cube.ide.mcu.externaltools.gnu-tools-for-stm32.13.3.rel1.win32_1.0.0.202411081344/tools/bin/../lib/gcc/arm-none-eabi/13.3.1/../../../../arm-none-eabi/lib/thumb/v7e-m+dp/hard\libc_nano.a
END GROUP
START GROUP
LOAD C:/ST/STM32CubeIDE_1.17.0/STM32CubeIDE/plugins/com.st.stm32cube.ide.mcu.externaltools.gnu-tools-for-stm32.13.3.rel1.win32_1.0.0.202411081344/tools/bin/../lib/gcc/arm-none-eabi/13.3.1/thumb/v7e-m+dp/hard\libgcc.a
LOAD C:/ST/STM32CubeIDE_1.17.0/STM32CubeIDE/plugins/com.st.stm32cube.ide.mcu.externaltools.gnu-tools-for-stm32.13.3.rel1.win32_1.0.0.202411081344/tools/bin/../lib/gcc/arm-none-eabi/13.3.1/../../../../arm-none-eabi/lib/thumb/v7e-m+dp/hard\libc_nano.a
LOAD C:/ST/STM32CubeIDE_1.17.0/STM32CubeIDE/plugins/com.st.stm32cube.ide.mcu.externaltools.gnu-tools-for-stm32.13.3.rel1.win32_1.0.0.202411081344/tools/bin/../lib/gcc/arm-none-eabi/13.3.1/../../../../arm-none-eabi/lib/thumb/v7e-m+dp/hard\libnosys.a
END GROUP
START GROUP
LOAD C:/ST/STM32CubeIDE_1.17.0/STM32CubeIDE/plugins/com.st.stm32cube.ide.mcu.externaltools.gnu-tools-for-stm32.13.3.rel1.win32_1.0.0.202411081344/tools/bin/../lib/gcc/arm-none-eabi/13.3.1/thumb/v7e-m+dp/hard\libgcc.a
LOAD C:/ST/STM32CubeIDE_1.17.0/STM32CubeIDE/plugins/com.st.stm32cube.ide.mcu.externaltools.gnu-tools-for-stm32.13.3.rel1.win32_1.0.0.202411081344/tools/bin/../lib/gcc/arm-none-eabi/13.3.1/../../../../arm-none-eabi/lib/thumb/v7e-m+dp/hard\libc_nano.a
LOAD C:/ST/STM32CubeIDE_1.17.0/STM32CubeIDE/plugins/com.st.stm32cube.ide.mcu.externaltools.gnu-tools-for-stm32.13.3.rel1.win32_1.0.0.202411081344/tools/bin/../lib/gcc/arm-none-eabi/13.3.1/../../../../arm-none-eabi/lib/thumb/v7e-m+dp/hard\libnosys.a
END GROUP
LOAD C:/ST/STM32CubeIDE_1.17.0/STM32CubeIDE/plugins/com.st.stm32cube.ide.mcu.externaltools.gnu-tools-for-stm32.13.3.rel1.win32_1.0.0.202411081344/tools/bin/../lib/gcc/arm-none-eabi/13.3.1/thumb/v7e-m+dp/hard/crtend.o
LOAD C:/ST/STM32CubeIDE_1.17.0/STM32CubeIDE/plugins/com.st.stm32cube.ide.mcu.externaltools.gnu-tools-for-stm32.13.3.rel1.win32_1.0.0.202411081344/tools/bin/../lib/gcc/arm-none-eabi/13.3.1/thumb/v7e-m+dp/hard/crtn.o
                0x20080000                        _estack = (ORIGIN (RAM) + LENGTH (RAM))
                0x00000200                        _Min_Heap_Size = 0x200
                0x00000400                        _Min_Stack_Size = 0x400

.isr_vector     0x08000000      0x1f8
                0x08000000                        . = ALIGN (0x4)
 *(.isr_vector)
 .isr_vector    0x08000000      0x1f8 ./Core/Startup/startup_stm32f767zitx.o
                0x08000000                g_pfnVectors
                0x080001f8                        . = ALIGN (0x4)

.text           0x08000200     0x7eb4
                0x08000200                        . = ALIGN (0x4)
 *(.text)
 .text          0x08000200       0x40 C:/ST/STM32CubeIDE_1.17.0/STM32CubeIDE/plugins/com.st.stm32cube.ide.mcu.externaltools.gnu-tools-for-stm32.13.3.rel1.win32_1.0.0.202411081344/tools/bin/../lib/gcc/arm-none-eabi/13.3.1/thumb/v7e-m+dp/hard/crtbegin.o
 .text          0x08000240       0xa0 C:/ST/STM32CubeIDE_1.17.0/STM32CubeIDE/plugins/com.st.stm32cube.ide.mcu.externaltools.gnu-tools-for-stm32.13.3.rel1.win32_1.0.0.202411081344/tools/bin/../lib/gcc/arm-none-eabi/13.3.1/../../../../arm-none-eabi/lib/thumb/v7e-m+dp/hard\libc_nano.a(libc_a-memchr.o)
                0x08000240                memchr
 .text          0x080002e0       0x30 C:/ST/STM32CubeIDE_1.17.0/STM32CubeIDE/plugins/com.st.stm32cube.ide.mcu.externaltools.gnu-tools-for-stm32.13.3.rel1.win32_1.0.0.202411081344/tools/bin/../lib/gcc/arm-none-eabi/13.3.1/thumb/v7e-m+dp/hard\libgcc.a(_aeabi_uldivmod.o)
                0x080002e0                __aeabi_uldivmod
 .text          0x08000310      0x2f8 C:/ST/STM32CubeIDE_1.17.0/STM32CubeIDE/plugins/com.st.stm32cube.ide.mcu.externaltools.gnu-tools-for-stm32.13.3.rel1.win32_1.0.0.202411081344/tools/bin/../lib/gcc/arm-none-eabi/13.3.1/thumb/v7e-m+dp/hard\libgcc.a(_udivmoddi4.o)
                0x08000310                __udivmoddi4
 .text          0x08000608        0x4 C:/ST/STM32CubeIDE_1.17.0/STM32CubeIDE/plugins/com.st.stm32cube.ide.mcu.externaltools.gnu-tools-for-stm32.13.3.rel1.win32_1.0.0.202411081344/tools/bin/../lib/gcc/arm-none-eabi/13.3.1/thumb/v7e-m+dp/hard\libgcc.a(_dvmd_tls.o)
                0x08000608                __aeabi_idiv0
                0x08000608                __aeabi_ldiv0
 *(.text*)
 .text.main     0x0800060c       0x42 ./Core/Src/main.o
                0x0800060c                main
 *fill*         0x0800064e        0x2 
 .text.SystemClock_Config
                0x08000650       0xe4 ./Core/Src/main.o
                0x08000650                SystemClock_Config
 .text.MX_ETH_Init
                0x08000734       0x9c ./Core/Src/main.o
 .text.MX_SPI1_Init
                0x080007d0       0x7c ./Core/Src/main.o
 .text.MX_SPI2_Init
                0x0800084c       0x7c ./Core/Src/main.o
 .text.MX_TIM1_Init
                0x080008c8      0x158 ./Core/Src/main.o
 .text.MX_TIM3_Init
                0x08000a20       0xf0 ./Core/Src/main.o
 .text.MX_TIM9_Init
                0x08000b10       0x80 ./Core/Src/main.o
 .text.MX_USART3_UART_Init
                0x08000b90       0x60 ./Core/Src/main.o
 .text.MX_USB_OTG_FS_PCD_Init
                0x08000bf0       0x5c ./Core/Src/main.o
 .text.MX_DMA_Init
                0x08000c4c       0x3c ./Core/Src/main.o
 .text.MX_GPIO_Init
                0x08000c88      0x230 ./Core/Src/main.o
 .text.Error_Handler
                0x08000eb8        0xc ./Core/Src/main.o
                0x08000eb8                Error_Handler
 .text.HAL_MspInit
                0x08000ec4       0x48 ./Core/Src/stm32f7xx_hal_msp.o
                0x08000ec4                HAL_MspInit
 .text.HAL_ETH_MspInit
                0x08000f0c      0x170 ./Core/Src/stm32f7xx_hal_msp.o
                0x08000f0c                HAL_ETH_MspInit
 .text.HAL_SPI_MspInit
                0x0800107c      0x164 ./Core/Src/stm32f7xx_hal_msp.o
                0x0800107c                HAL_SPI_MspInit
 .text.HAL_TIM_Base_MspInit
                0x080011e0       0x74 ./Core/Src/stm32f7xx_hal_msp.o
                0x080011e0                HAL_TIM_Base_MspInit
 .text.HAL_TIM_IC_MspInit
                0x08001254       0x98 ./Core/Src/stm32f7xx_hal_msp.o
                0x08001254                HAL_TIM_IC_MspInit
 .text.HAL_TIM_MspPostInit
                0x080012ec       0xbc ./Core/Src/stm32f7xx_hal_msp.o
                0x080012ec                HAL_TIM_MspPostInit
 .text.HAL_UART_MspInit
                0x080013a8      0x128 ./Core/Src/stm32f7xx_hal_msp.o
                0x080013a8                HAL_UART_MspInit
 .text.HAL_PCD_MspInit
                0x080014d0       0xf4 ./Core/Src/stm32f7xx_hal_msp.o
                0x080014d0                HAL_PCD_MspInit
 .text.NMI_Handler
                0x080015c4        0x8 ./Core/Src/stm32f7xx_it.o
                0x080015c4                NMI_Handler
 .text.HardFault_Handler
                0x080015cc        0x8 ./Core/Src/stm32f7xx_it.o
                0x080015cc                HardFault_Handler
 .text.MemManage_Handler
                0x080015d4        0x8 ./Core/Src/stm32f7xx_it.o
                0x080015d4                MemManage_Handler
 .text.BusFault_Handler
                0x080015dc        0x8 ./Core/Src/stm32f7xx_it.o
                0x080015dc                BusFault_Handler
 .text.UsageFault_Handler
                0x080015e4        0x8 ./Core/Src/stm32f7xx_it.o
                0x080015e4                UsageFault_Handler
 .text.SVC_Handler
                0x080015ec        0xe ./Core/Src/stm32f7xx_it.o
                0x080015ec                SVC_Handler
 .text.DebugMon_Handler
                0x080015fa        0xe ./Core/Src/stm32f7xx_it.o
                0x080015fa                DebugMon_Handler
 .text.PendSV_Handler
                0x08001608        0xe ./Core/Src/stm32f7xx_it.o
                0x08001608                PendSV_Handler
 .text.SysTick_Handler
                0x08001616        0xc ./Core/Src/stm32f7xx_it.o
                0x08001616                SysTick_Handler
 *fill*         0x08001622        0x2 
 .text.DMA1_Stream1_IRQHandler
                0x08001624       0x14 ./Core/Src/stm32f7xx_it.o
                0x08001624                DMA1_Stream1_IRQHandler
 .text.TIM1_BRK_TIM9_IRQHandler
                0x08001638       0x1c ./Core/Src/stm32f7xx_it.o
                0x08001638                TIM1_BRK_TIM9_IRQHandler
 .text._sbrk    0x08001654       0x6c ./Core/Src/sysmem.o
                0x08001654                _sbrk
 .text.SystemInit
                0x080016c0       0x24 ./Core/Src/system_stm32f7xx.o
                0x080016c0                SystemInit
 .text.Reset_Handler
                0x080016e4       0x50 ./Core/Startup/startup_stm32f767zitx.o
                0x080016e4                Reset_Handler
 .text.Default_Handler
                0x08001734        0x2 ./Core/Startup/startup_stm32f767zitx.o
                0x08001734                RTC_Alarm_IRQHandler
                0x08001734                EXTI2_IRQHandler
                0x08001734                TIM8_CC_IRQHandler
                0x08001734                UART8_IRQHandler
                0x08001734                SPI4_IRQHandler
                0x08001734                TIM1_CC_IRQHandler
                0x08001734                DMA2_Stream5_IRQHandler
                0x08001734                JPEG_IRQHandler
                0x08001734                DMA1_Stream5_IRQHandler
                0x08001734                CAN3_RX1_IRQHandler
                0x08001734                PVD_IRQHandler
                0x08001734                TAMP_STAMP_IRQHandler
                0x08001734                CAN2_RX1_IRQHandler
                0x08001734                EXTI3_IRQHandler
                0x08001734                TIM8_TRG_COM_TIM14_IRQHandler
                0x08001734                DFSDM1_FLT1_IRQHandler
                0x08001734                TIM1_UP_TIM10_IRQHandler
                0x08001734                TIM8_UP_TIM13_IRQHandler
                0x08001734                I2C3_ER_IRQHandler
                0x08001734                DFSDM1_FLT2_IRQHandler
                0x08001734                EXTI0_IRQHandler
                0x08001734                I2C2_EV_IRQHandler
                0x08001734                DMA1_Stream2_IRQHandler
                0x08001734                CAN1_RX0_IRQHandler
                0x08001734                FPU_IRQHandler
                0x08001734                OTG_HS_WKUP_IRQHandler
                0x08001734                CAN3_SCE_IRQHandler
                0x08001734                LTDC_ER_IRQHandler
                0x08001734                CAN2_SCE_IRQHandler
                0x08001734                DMA2_Stream2_IRQHandler
                0x08001734                SPI1_IRQHandler
                0x08001734                TIM6_DAC_IRQHandler
                0x08001734                DCMI_IRQHandler
                0x08001734                CAN2_RX0_IRQHandler
                0x08001734                DMA2_Stream3_IRQHandler
                0x08001734                SAI2_IRQHandler
                0x08001734                DFSDM1_FLT3_IRQHandler
                0x08001734                USART6_IRQHandler
                0x08001734                CAN3_RX0_IRQHandler
                0x08001734                USART3_IRQHandler
                0x08001734                CAN1_RX1_IRQHandler
                0x08001734                UART5_IRQHandler
                0x08001734                DMA2_Stream0_IRQHandler
                0x08001734                TIM4_IRQHandler
                0x08001734                QUADSPI_IRQHandler
                0x08001734                I2C1_EV_IRQHandler
                0x08001734                DMA1_Stream6_IRQHandler
                0x08001734                UART4_IRQHandler
                0x08001734                TIM3_IRQHandler
                0x08001734                RCC_IRQHandler
                0x08001734                TIM8_BRK_TIM12_IRQHandler
                0x08001734                Default_Handler
                0x08001734                CEC_IRQHandler
                0x08001734                EXTI15_10_IRQHandler
                0x08001734                ADC_IRQHandler
                0x08001734                DMA1_Stream7_IRQHandler
                0x08001734                SPI5_IRQHandler
                0x08001734                TIM7_IRQHandler
                0x08001734                SDMMC1_IRQHandler
                0x08001734                CAN2_TX_IRQHandler
                0x08001734                TIM5_IRQHandler
                0x08001734                DMA2_Stream7_IRQHandler
                0x08001734                I2C3_EV_IRQHandler
                0x08001734                EXTI9_5_IRQHandler
                0x08001734                RTC_WKUP_IRQHandler
                0x08001734                LTDC_IRQHandler
                0x08001734                ETH_WKUP_IRQHandler
                0x08001734                SPDIF_RX_IRQHandler
                0x08001734                SPI2_IRQHandler
                0x08001734                OTG_HS_EP1_IN_IRQHandler
                0x08001734                DMA1_Stream0_IRQHandler
                0x08001734                CAN1_TX_IRQHandler
                0x08001734                EXTI4_IRQHandler
                0x08001734                RNG_IRQHandler
                0x08001734                ETH_IRQHandler
                0x08001734                OTG_HS_EP1_OUT_IRQHandler
                0x08001734                WWDG_IRQHandler
                0x08001734                SPI6_IRQHandler
                0x08001734                MDIOS_IRQHandler
                0x08001734                I2C4_EV_IRQHandler
                0x08001734                CAN3_TX_IRQHandler
                0x08001734                TIM2_IRQHandler
                0x08001734                OTG_FS_WKUP_IRQHandler
                0x08001734                TIM1_TRG_COM_TIM11_IRQHandler
                0x08001734                OTG_HS_IRQHandler
                0x08001734                DMA2D_IRQHandler
                0x08001734                EXTI1_IRQHandler
                0x08001734                SDMMC2_IRQHandler
                0x08001734                UART7_IRQHandler
                0x08001734                USART2_IRQHandler
                0x08001734                DFSDM1_FLT0_IRQHandler
                0x08001734                I2C2_ER_IRQHandler
                0x08001734                DMA2_Stream1_IRQHandler
                0x08001734                CAN1_SCE_IRQHandler
                0x08001734                FLASH_IRQHandler
                0x08001734                DMA2_Stream4_IRQHandler
                0x08001734                USART1_IRQHandler
                0x08001734                OTG_FS_IRQHandler
                0x08001734                SPI3_IRQHandler
                0x08001734                DMA1_Stream4_IRQHandler
                0x08001734                I2C1_ER_IRQHandler
                0x08001734                FMC_IRQHandler
                0x08001734                LPTIM1_IRQHandler
                0x08001734                I2C4_ER_IRQHandler
                0x08001734                DMA2_Stream6_IRQHandler
                0x08001734                SAI1_IRQHandler
                0x08001734                DMA1_Stream3_IRQHandler
 .text.HAL_Init
                0x08001736       0x1a ./Drivers/STM32F7xx_HAL_Driver/Src/stm32f7xx_hal.o
                0x08001736                HAL_Init
 .text.HAL_InitTick
                0x08001750       0x60 ./Drivers/STM32F7xx_HAL_Driver/Src/stm32f7xx_hal.o
                0x08001750                HAL_InitTick
 .text.HAL_IncTick
                0x080017b0       0x28 ./Drivers/STM32F7xx_HAL_Driver/Src/stm32f7xx_hal.o
                0x080017b0                HAL_IncTick
 .text.HAL_GetTick
                0x080017d8       0x18 ./Drivers/STM32F7xx_HAL_Driver/Src/stm32f7xx_hal.o
                0x080017d8                HAL_GetTick
 .text.HAL_Delay
                0x080017f0       0x48 ./Drivers/STM32F7xx_HAL_Driver/Src/stm32f7xx_hal.o
                0x080017f0                HAL_Delay
 .text.__NVIC_SetPriorityGrouping
                0x08001838       0x48 ./Drivers/STM32F7xx_HAL_Driver/Src/stm32f7xx_hal_cortex.o
 .text.__NVIC_GetPriorityGrouping
                0x08001880       0x1c ./Drivers/STM32F7xx_HAL_Driver/Src/stm32f7xx_hal_cortex.o
 .text.__NVIC_EnableIRQ
                0x0800189c       0x3c ./Drivers/STM32F7xx_HAL_Driver/Src/stm32f7xx_hal_cortex.o
 .text.__NVIC_SetPriority
                0x080018d8       0x54 ./Drivers/STM32F7xx_HAL_Driver/Src/stm32f7xx_hal_cortex.o
 .text.NVIC_EncodePriority
                0x0800192c       0x66 ./Drivers/STM32F7xx_HAL_Driver/Src/stm32f7xx_hal_cortex.o
 *fill*         0x08001992        0x2 
 .text.SysTick_Config
                0x08001994       0x44 ./Drivers/STM32F7xx_HAL_Driver/Src/stm32f7xx_hal_cortex.o
 .text.HAL_NVIC_SetPriorityGrouping
                0x080019d8       0x16 ./Drivers/STM32F7xx_HAL_Driver/Src/stm32f7xx_hal_cortex.o
                0x080019d8                HAL_NVIC_SetPriorityGrouping
 .text.HAL_NVIC_SetPriority
                0x080019ee       0x38 ./Drivers/STM32F7xx_HAL_Driver/Src/stm32f7xx_hal_cortex.o
                0x080019ee                HAL_NVIC_SetPriority
 .text.HAL_NVIC_EnableIRQ
                0x08001a26       0x1c ./Drivers/STM32F7xx_HAL_Driver/Src/stm32f7xx_hal_cortex.o
                0x08001a26                HAL_NVIC_EnableIRQ
 .text.HAL_SYSTICK_Config
                0x08001a42       0x18 ./Drivers/STM32F7xx_HAL_Driver/Src/stm32f7xx_hal_cortex.o
                0x08001a42                HAL_SYSTICK_Config
 *fill*         0x08001a5a        0x2 
 .text.HAL_DMA_Init
                0x08001a5c      0x15c ./Drivers/STM32F7xx_HAL_Driver/Src/stm32f7xx_hal_dma.o
                0x08001a5c                HAL_DMA_Init
 .text.HAL_DMA_Start_IT
                0x08001bb8       0xc0 ./Drivers/STM32F7xx_HAL_Driver/Src/stm32f7xx_hal_dma.o
                0x08001bb8                HAL_DMA_Start_IT
 .text.HAL_DMA_IRQHandler
                0x08001c78      0x314 ./Drivers/STM32F7xx_HAL_Driver/Src/stm32f7xx_hal_dma.o
                0x08001c78                HAL_DMA_IRQHandler
 .text.DMA_SetConfig
                0x08001f8c       0x5c ./Drivers/STM32F7xx_HAL_Driver/Src/stm32f7xx_hal_dma.o
 .text.DMA_CalcBaseAndBitshift
                0x08001fe8       0x6c ./Drivers/STM32F7xx_HAL_Driver/Src/stm32f7xx_hal_dma.o
 .text.DMA_CheckFifoParam
                0x08002054       0xf8 ./Drivers/STM32F7xx_HAL_Driver/Src/stm32f7xx_hal_dma.o
 .text.HAL_ETH_Init
                0x0800214c      0x134 ./Drivers/STM32F7xx_HAL_Driver/Src/stm32f7xx_hal_eth.o
                0x0800214c                HAL_ETH_Init
 .text.ETH_SetMACConfig
                0x08002280      0x168 ./Drivers/STM32F7xx_HAL_Driver/Src/stm32f7xx_hal_eth.o
 .text.ETH_SetDMAConfig
                0x080023e8      0x114 ./Drivers/STM32F7xx_HAL_Driver/Src/stm32f7xx_hal_eth.o
 .text.ETH_MACDMAConfig
                0x080024fc       0xea ./Drivers/STM32F7xx_HAL_Driver/Src/stm32f7xx_hal_eth.o
 *fill*         0x080025e6        0x2 
 .text.ETH_MACAddressConfig
                0x080025e8       0x70 ./Drivers/STM32F7xx_HAL_Driver/Src/stm32f7xx_hal_eth.o
 .text.ETH_DMATxDescListInit
                0x08002658       0xb2 ./Drivers/STM32F7xx_HAL_Driver/Src/stm32f7xx_hal_eth.o
 .text.ETH_DMARxDescListInit
                0x0800270a       0xde ./Drivers/STM32F7xx_HAL_Driver/Src/stm32f7xx_hal_eth.o
 .text.HAL_GPIO_Init
                0x080027e8      0x358 ./Drivers/STM32F7xx_HAL_Driver/Src/stm32f7xx_hal_gpio.o
                0x080027e8                HAL_GPIO_Init
 .text.HAL_GPIO_WritePin
                0x08002b40       0x32 ./Drivers/STM32F7xx_HAL_Driver/Src/stm32f7xx_hal_gpio.o
                0x08002b40                HAL_GPIO_WritePin
 .text.HAL_PCD_Init
                0x08002b72      0x22c ./Drivers/STM32F7xx_HAL_Driver/Src/stm32f7xx_hal_pcd.o
                0x08002b72                HAL_PCD_Init
 *fill*         0x08002d9e        0x2 
 .text.HAL_PCDEx_ActivateLPM
                0x08002da0       0x48 ./Drivers/STM32F7xx_HAL_Driver/Src/stm32f7xx_hal_pcd_ex.o
                0x08002da0                HAL_PCDEx_ActivateLPM
 .text.HAL_PWR_EnableBkUpAccess
                0x08002de8       0x20 ./Drivers/STM32F7xx_HAL_Driver/Src/stm32f7xx_hal_pwr.o
                0x08002de8                HAL_PWR_EnableBkUpAccess
 .text.HAL_PWREx_EnableOverDrive
                0x08002e08       0xa0 ./Drivers/STM32F7xx_HAL_Driver/Src/stm32f7xx_hal_pwr_ex.o
                0x08002e08                HAL_PWREx_EnableOverDrive
 .text.HAL_RCC_OscConfig
                0x08002ea8      0x55c ./Drivers/STM32F7xx_HAL_Driver/Src/stm32f7xx_hal_rcc.o
                0x08002ea8                HAL_RCC_OscConfig
 .text.HAL_RCC_ClockConfig
                0x08003404      0x1d8 ./Drivers/STM32F7xx_HAL_Driver/Src/stm32f7xx_hal_rcc.o
                0x08003404                HAL_RCC_ClockConfig
 .text.HAL_RCC_GetSysClockFreq
                0x080035dc      0x20c ./Drivers/STM32F7xx_HAL_Driver/Src/stm32f7xx_hal_rcc.o
                0x080035dc                HAL_RCC_GetSysClockFreq
 .text.HAL_RCC_GetHCLKFreq
                0x080037e8       0x18 ./Drivers/STM32F7xx_HAL_Driver/Src/stm32f7xx_hal_rcc.o
                0x080037e8                HAL_RCC_GetHCLKFreq
 .text.HAL_RCC_GetPCLK1Freq
                0x08003800       0x28 ./Drivers/STM32F7xx_HAL_Driver/Src/stm32f7xx_hal_rcc.o
                0x08003800                HAL_RCC_GetPCLK1Freq
 .text.HAL_RCC_GetPCLK2Freq
                0x08003828       0x28 ./Drivers/STM32F7xx_HAL_Driver/Src/stm32f7xx_hal_rcc.o
                0x08003828                HAL_RCC_GetPCLK2Freq
 .text.HAL_RCCEx_PeriphCLKConfig
                0x08003850      0x850 ./Drivers/STM32F7xx_HAL_Driver/Src/stm32f7xx_hal_rcc_ex.o
                0x08003850                HAL_RCCEx_PeriphCLKConfig
 .text.HAL_SPI_Init
                0x080040a0      0x156 ./Drivers/STM32F7xx_HAL_Driver/Src/stm32f7xx_hal_spi.o
                0x080040a0                HAL_SPI_Init
 .text.HAL_TIM_Base_Init
                0x080041f6       0xae ./Drivers/STM32F7xx_HAL_Driver/Src/stm32f7xx_hal_tim.o
                0x080041f6                HAL_TIM_Base_Init
 .text.HAL_TIM_PWM_Init
                0x080042a4       0xae ./Drivers/STM32F7xx_HAL_Driver/Src/stm32f7xx_hal_tim.o
                0x080042a4                HAL_TIM_PWM_Init
 .text.HAL_TIM_PWM_MspInit
                0x08004352       0x14 ./Drivers/STM32F7xx_HAL_Driver/Src/stm32f7xx_hal_tim.o
                0x08004352                HAL_TIM_PWM_MspInit
 *fill*         0x08004366        0x2 
 .text.HAL_TIM_PWM_Start
                0x08004368      0x1f4 ./Drivers/STM32F7xx_HAL_Driver/Src/stm32f7xx_hal_tim.o
                0x08004368                HAL_TIM_PWM_Start
 .text.HAL_TIM_IC_Init
                0x0800455c       0xae ./Drivers/STM32F7xx_HAL_Driver/Src/stm32f7xx_hal_tim.o
                0x0800455c                HAL_TIM_IC_Init
 *fill*         0x0800460a        0x2 
 .text.HAL_TIM_IC_Start_IT
                0x0800460c      0x2a0 ./Drivers/STM32F7xx_HAL_Driver/Src/stm32f7xx_hal_tim.o
                0x0800460c                HAL_TIM_IC_Start_IT
 .text.HAL_TIM_IRQHandler
                0x080048ac      0x20e ./Drivers/STM32F7xx_HAL_Driver/Src/stm32f7xx_hal_tim.o
                0x080048ac                HAL_TIM_IRQHandler
 .text.HAL_TIM_IC_ConfigChannel
                0x08004aba      0x138 ./Drivers/STM32F7xx_HAL_Driver/Src/stm32f7xx_hal_tim.o
                0x08004aba                HAL_TIM_IC_ConfigChannel
 *fill*         0x08004bf2        0x2 
 .text.HAL_TIM_PWM_ConfigChannel
                0x08004bf4      0x228 ./Drivers/STM32F7xx_HAL_Driver/Src/stm32f7xx_hal_tim.o
                0x08004bf4                HAL_TIM_PWM_ConfigChannel
 .text.HAL_TIM_ConfigClockSource
                0x08004e1c      0x194 ./Drivers/STM32F7xx_HAL_Driver/Src/stm32f7xx_hal_tim.o
                0x08004e1c                HAL_TIM_ConfigClockSource
 .text.HAL_TIM_ReadCapturedValue
                0x08004fb0       0x88 ./Drivers/STM32F7xx_HAL_Driver/Src/stm32f7xx_hal_tim.o
                0x08004fb0                HAL_TIM_ReadCapturedValue
 .text.HAL_TIM_PeriodElapsedCallback
                0x08005038       0x14 ./Drivers/STM32F7xx_HAL_Driver/Src/stm32f7xx_hal_tim.o
                0x08005038                HAL_TIM_PeriodElapsedCallback
 .text.HAL_TIM_OC_DelayElapsedCallback
                0x0800504c       0x14 ./Drivers/STM32F7xx_HAL_Driver/Src/stm32f7xx_hal_tim.o
                0x0800504c                HAL_TIM_OC_DelayElapsedCallback
 .text.HAL_TIM_PWM_PulseFinishedCallback
                0x08005060       0x14 ./Drivers/STM32F7xx_HAL_Driver/Src/stm32f7xx_hal_tim.o
                0x08005060                HAL_TIM_PWM_PulseFinishedCallback
 .text.HAL_TIM_TriggerCallback
                0x08005074       0x14 ./Drivers/STM32F7xx_HAL_Driver/Src/stm32f7xx_hal_tim.o
                0x08005074                HAL_TIM_TriggerCallback
 .text.TIM_Base_SetConfig
                0x08005088      0x14c ./Drivers/STM32F7xx_HAL_Driver/Src/stm32f7xx_hal_tim.o
                0x08005088                TIM_Base_SetConfig
 .text.TIM_OC1_SetConfig
                0x080051d4       0xe4 ./Drivers/STM32F7xx_HAL_Driver/Src/stm32f7xx_hal_tim.o
 .text.TIM_OC2_SetConfig
                0x080052b8       0xf0 ./Drivers/STM32F7xx_HAL_Driver/Src/stm32f7xx_hal_tim.o
                0x080052b8                TIM_OC2_SetConfig
 .text.TIM_OC3_SetConfig
                0x080053a8       0xec ./Drivers/STM32F7xx_HAL_Driver/Src/stm32f7xx_hal_tim.o
 .text.TIM_OC4_SetConfig
                0x08005494       0xb0 ./Drivers/STM32F7xx_HAL_Driver/Src/stm32f7xx_hal_tim.o
 .text.TIM_OC5_SetConfig
                0x08005544       0xa4 ./Drivers/STM32F7xx_HAL_Driver/Src/stm32f7xx_hal_tim.o
 .text.TIM_OC6_SetConfig
                0x080055e8       0xa8 ./Drivers/STM32F7xx_HAL_Driver/Src/stm32f7xx_hal_tim.o
 .text.TIM_TI1_SetConfig
                0x08005690       0xe8 ./Drivers/STM32F7xx_HAL_Driver/Src/stm32f7xx_hal_tim.o
                0x08005690                TIM_TI1_SetConfig
 .text.TIM_TI1_ConfigInputStage
                0x08005778       0x5e ./Drivers/STM32F7xx_HAL_Driver/Src/stm32f7xx_hal_tim.o
 .text.TIM_TI2_SetConfig
                0x080057d6       0x7a ./Drivers/STM32F7xx_HAL_Driver/Src/stm32f7xx_hal_tim.o
 .text.TIM_TI2_ConfigInputStage
                0x08005850       0x60 ./Drivers/STM32F7xx_HAL_Driver/Src/stm32f7xx_hal_tim.o
 .text.TIM_TI3_SetConfig
                0x080058b0       0x78 ./Drivers/STM32F7xx_HAL_Driver/Src/stm32f7xx_hal_tim.o
 .text.TIM_TI4_SetConfig
                0x08005928       0x7a ./Drivers/STM32F7xx_HAL_Driver/Src/stm32f7xx_hal_tim.o
 .text.TIM_ITRx_SetConfig
                0x080059a2       0x36 ./Drivers/STM32F7xx_HAL_Driver/Src/stm32f7xx_hal_tim.o
 .text.TIM_ETR_SetConfig
                0x080059d8       0x40 ./Drivers/STM32F7xx_HAL_Driver/Src/stm32f7xx_hal_tim.o
                0x080059d8                TIM_ETR_SetConfig
 .text.TIM_CCxChannelCmd
                0x08005a18       0x4a ./Drivers/STM32F7xx_HAL_Driver/Src/stm32f7xx_hal_tim.o
                0x08005a18                TIM_CCxChannelCmd
 *fill*         0x08005a62        0x2 
 .text.HAL_TIMEx_MasterConfigSynchronization
                0x08005a64      0x11c ./Drivers/STM32F7xx_HAL_Driver/Src/stm32f7xx_hal_tim_ex.o
                0x08005a64                HAL_TIMEx_MasterConfigSynchronization
 .text.HAL_TIMEx_ConfigBreakDeadTime
                0x08005b80       0xfc ./Drivers/STM32F7xx_HAL_Driver/Src/stm32f7xx_hal_tim_ex.o
                0x08005b80                HAL_TIMEx_ConfigBreakDeadTime
 .text.HAL_TIMEx_CommutCallback
                0x08005c7c       0x14 ./Drivers/STM32F7xx_HAL_Driver/Src/stm32f7xx_hal_tim_ex.o
                0x08005c7c                HAL_TIMEx_CommutCallback
 .text.HAL_TIMEx_BreakCallback
                0x08005c90       0x14 ./Drivers/STM32F7xx_HAL_Driver/Src/stm32f7xx_hal_tim_ex.o
                0x08005c90                HAL_TIMEx_BreakCallback
 .text.HAL_TIMEx_Break2Callback
                0x08005ca4       0x14 ./Drivers/STM32F7xx_HAL_Driver/Src/stm32f7xx_hal_tim_ex.o
                0x08005ca4                HAL_TIMEx_Break2Callback
 .text.HAL_UART_Init
                0x08005cb8       0x9c ./Drivers/STM32F7xx_HAL_Driver/Src/stm32f7xx_hal_uart.o
                0x08005cb8                HAL_UART_Init
 .text.HAL_UART_Transmit
                0x08005d54      0x112 ./Drivers/STM32F7xx_HAL_Driver/Src/stm32f7xx_hal_uart.o
                0x08005d54                HAL_UART_Transmit
 .text.HAL_UART_Receive_DMA
                0x08005e66       0x88 ./Drivers/STM32F7xx_HAL_Driver/Src/stm32f7xx_hal_uart.o
                0x08005e66                HAL_UART_Receive_DMA
 .text.HAL_UART_RxCpltCallback
                0x08005eee       0x14 ./Drivers/STM32F7xx_HAL_Driver/Src/stm32f7xx_hal_uart.o
                0x08005eee                HAL_UART_RxCpltCallback
 .text.HAL_UART_RxHalfCpltCallback
                0x08005f02       0x14 ./Drivers/STM32F7xx_HAL_Driver/Src/stm32f7xx_hal_uart.o
                0x08005f02                HAL_UART_RxHalfCpltCallback
 .text.HAL_UART_ErrorCallback
                0x08005f16       0x14 ./Drivers/STM32F7xx_HAL_Driver/Src/stm32f7xx_hal_uart.o
                0x08005f16                HAL_UART_ErrorCallback
 .text.HAL_UARTEx_RxEventCallback
                0x08005f2a       0x18 ./Drivers/STM32F7xx_HAL_Driver/Src/stm32f7xx_hal_uart.o
                0x08005f2a                HAL_UARTEx_RxEventCallback
 *fill*         0x08005f42        0x2 
 .text.UART_SetConfig
                0x08005f44      0x4c8 ./Drivers/STM32F7xx_HAL_Driver/Src/stm32f7xx_hal_uart.o
                0x08005f44                UART_SetConfig
 .text.UART_AdvFeatureConfig
                0x0800640c      0x144 ./Drivers/STM32F7xx_HAL_Driver/Src/stm32f7xx_hal_uart.o
                0x0800640c                UART_AdvFeatureConfig
 .text.UART_CheckIdleState
                0x08006550      0x150 ./Drivers/STM32F7xx_HAL_Driver/Src/stm32f7xx_hal_uart.o
                0x08006550                UART_CheckIdleState
 .text.UART_WaitOnFlagUntilTimeout
                0x080066a0       0xda ./Drivers/STM32F7xx_HAL_Driver/Src/stm32f7xx_hal_uart.o
                0x080066a0                UART_WaitOnFlagUntilTimeout
 *fill*         0x0800677a        0x2 
 .text.UART_Start_Receive_DMA
                0x0800677c      0x140 ./Drivers/STM32F7xx_HAL_Driver/Src/stm32f7xx_hal_uart.o
                0x0800677c                UART_Start_Receive_DMA
 .text.UART_EndTxTransfer
                0x080068bc       0x4c ./Drivers/STM32F7xx_HAL_Driver/Src/stm32f7xx_hal_uart.o
 .text.UART_EndRxTransfer
                0x08006908       0xc8 ./Drivers/STM32F7xx_HAL_Driver/Src/stm32f7xx_hal_uart.o
 .text.UART_DMAReceiveCplt
                0x080069d0      0x15e ./Drivers/STM32F7xx_HAL_Driver/Src/stm32f7xx_hal_uart.o
 .text.UART_DMARxHalfCplt
                0x08006b2e       0x72 ./Drivers/STM32F7xx_HAL_Driver/Src/stm32f7xx_hal_uart.o
 .text.UART_DMAError
                0x08006ba0       0x7e ./Drivers/STM32F7xx_HAL_Driver/Src/stm32f7xx_hal_uart.o
 *fill*         0x08006c1e        0x2 
 .text.USB_CoreInit
                0x08006c20       0xb4 ./Drivers/STM32F7xx_HAL_Driver/Src/stm32f7xx_ll_usb.o
                0x08006c20                USB_CoreInit
 .text.USB_DisableGlobalInt
                0x08006cd4       0x22 ./Drivers/STM32F7xx_HAL_Driver/Src/stm32f7xx_ll_usb.o
                0x08006cd4                USB_DisableGlobalInt
 .text.USB_SetCurrentMode
                0x08006cf6       0x98 ./Drivers/STM32F7xx_HAL_Driver/Src/stm32f7xx_ll_usb.o
                0x08006cf6                USB_SetCurrentMode
 *fill*         0x08006d8e        0x2 
 .text.USB_DevInit
                0x08006d90      0x2bc ./Drivers/STM32F7xx_HAL_Driver/Src/stm32f7xx_ll_usb.o
                0x08006d90                USB_DevInit
 .text.USB_FlushTxFifo
                0x0800704c       0x64 ./Drivers/STM32F7xx_HAL_Driver/Src/stm32f7xx_ll_usb.o
                0x0800704c                USB_FlushTxFifo
 .text.USB_FlushRxFifo
                0x080070b0       0x5c ./Drivers/STM32F7xx_HAL_Driver/Src/stm32f7xx_ll_usb.o
                0x080070b0                USB_FlushRxFifo
 .text.USB_SetDevSpeed
                0x0800710c       0x32 ./Drivers/STM32F7xx_HAL_Driver/Src/stm32f7xx_ll_usb.o
                0x0800710c                USB_SetDevSpeed
 .text.USB_DevDisconnect
                0x0800713e       0x42 ./Drivers/STM32F7xx_HAL_Driver/Src/stm32f7xx_ll_usb.o
                0x0800713e                USB_DevDisconnect
 .text.USB_GetMode
                0x08007180       0x1c ./Drivers/STM32F7xx_HAL_Driver/Src/stm32f7xx_ll_usb.o
                0x08007180                USB_GetMode
 .text.USB_CoreReset
                0x0800719c       0x70 ./Drivers/STM32F7xx_HAL_Driver/Src/stm32f7xx_ll_usb.o
 .text.apInit   0x0800720c       0x18 ./app/ap.o
                0x0800720c                apInit
 .text.setDutyAndReset
                0x08007224       0x1e ./app/ap.o
 *fill*         0x08007242        0x2 
 .text.apMain   0x08007244       0xac ./app/ap.o
                0x08007244                apMain
 .text.fanInit  0x080072f0       0x78 ./app/src/Heating Module Src/fan.o
                0x080072f0                fanInit
 .text.fanSetDuty
                0x08007368       0x70 ./app/src/Heating Module Src/fan.o
                0x08007368                fanSetDuty
 .text.avg_diff_ticks
                0x080073d8       0x60 ./app/src/Heating Module Src/fan_speed.o
 .text.fan_rpm_Init
                0x08007438        0xe ./app/src/Heating Module Src/fan_speed.o
                0x08007438                fan_rpm_Init
 *fill*         0x08007446        0x2 
 .text.fan_Start
                0x08007448       0x18 ./app/src/Heating Module Src/fan_speed.o
                0x08007448                fan_Start
 .text.TACH_Reset
                0x08007460       0x78 ./app/src/Heating Module Src/fan_speed.o
                0x08007460                TACH_Reset
 .text.fan_GetRPMx100
                0x080074d8       0x40 ./app/src/Heating Module Src/fan_speed.o
                0x080074d8                fan_GetRPMx100
 .text.HAL_TIM_IC_CaptureCallback
                0x08007518      0x138 ./app/src/Heating Module Src/fan_speed.o
                0x08007518                HAL_TIM_IC_CaptureCallback
 .text.uartInit
                0x08007650       0x20 ./app/src/uart.o
                0x08007650                uartInit
 .text.uartWrite
                0x08007670       0x44 ./app/src/uart.o
                0x08007670                uartWrite
 .text.uartPrintf
                0x080076b4       0x72 ./app/src/uart.o
                0x080076b4                uartPrintf
 .text._vsnprintf_r
                0x08007726       0x5c C:/ST/STM32CubeIDE_1.17.0/STM32CubeIDE/plugins/com.st.stm32cube.ide.mcu.externaltools.gnu-tools-for-stm32.13.3.rel1.win32_1.0.0.202411081344/tools/bin/../lib/gcc/arm-none-eabi/13.3.1/../../../../arm-none-eabi/lib/thumb/v7e-m+dp/hard\libc_nano.a(libc_a-vsnprintf.o)
                0x08007726                _vsniprintf_r
                0x08007726                _vsnprintf_r
 *fill*         0x08007782        0x2 
 .text.vsnprintf
                0x08007784       0x1c C:/ST/STM32CubeIDE_1.17.0/STM32CubeIDE/plugins/com.st.stm32cube.ide.mcu.externaltools.gnu-tools-for-stm32.13.3.rel1.win32_1.0.0.202411081344/tools/bin/../lib/gcc/arm-none-eabi/13.3.1/../../../../arm-none-eabi/lib/thumb/v7e-m+dp/hard\libc_nano.a(libc_a-vsnprintf.o)
                0x08007784                vsniprintf
                0x08007784                vsnprintf
 .text.memset   0x080077a0       0x10 C:/ST/STM32CubeIDE_1.17.0/STM32CubeIDE/plugins/com.st.stm32cube.ide.mcu.externaltools.gnu-tools-for-stm32.13.3.rel1.win32_1.0.0.202411081344/tools/bin/../lib/gcc/arm-none-eabi/13.3.1/../../../../arm-none-eabi/lib/thumb/v7e-m+dp/hard\libc_nano.a(libc_a-memset.o)
                0x080077a0                memset
 .text.__errno  0x080077b0        0xc C:/ST/STM32CubeIDE_1.17.0/STM32CubeIDE/plugins/com.st.stm32cube.ide.mcu.externaltools.gnu-tools-for-stm32.13.3.rel1.win32_1.0.0.202411081344/tools/bin/../lib/gcc/arm-none-eabi/13.3.1/../../../../arm-none-eabi/lib/thumb/v7e-m+dp/hard\libc_nano.a(libc_a-errno.o)
                0x080077b0                __errno
 .text.__libc_init_array
                0x080077bc       0x48 C:/ST/STM32CubeIDE_1.17.0/STM32CubeIDE/plugins/com.st.stm32cube.ide.mcu.externaltools.gnu-tools-for-stm32.13.3.rel1.win32_1.0.0.202411081344/tools/bin/../lib/gcc/arm-none-eabi/13.3.1/../../../../arm-none-eabi/lib/thumb/v7e-m+dp/hard\libc_nano.a(libc_a-init.o)
                0x080077bc                __libc_init_array
 .text.__retarget_lock_acquire_recursive
                0x08007804        0x2 C:/ST/STM32CubeIDE_1.17.0/STM32CubeIDE/plugins/com.st.stm32cube.ide.mcu.externaltools.gnu-tools-for-stm32.13.3.rel1.win32_1.0.0.202411081344/tools/bin/../lib/gcc/arm-none-eabi/13.3.1/../../../../arm-none-eabi/lib/thumb/v7e-m+dp/hard\libc_nano.a(libc_a-lock.o)
                0x08007804                __retarget_lock_acquire_recursive
 .text.__retarget_lock_release_recursive
                0x08007806        0x2 C:/ST/STM32CubeIDE_1.17.0/STM32CubeIDE/plugins/com.st.stm32cube.ide.mcu.externaltools.gnu-tools-for-stm32.13.3.rel1.win32_1.0.0.202411081344/tools/bin/../lib/gcc/arm-none-eabi/13.3.1/../../../../arm-none-eabi/lib/thumb/v7e-m+dp/hard\libc_nano.a(libc_a-lock.o)
                0x08007806                __retarget_lock_release_recursive
 .text._free_r  0x08007808       0x94 C:/ST/STM32CubeIDE_1.17.0/STM32CubeIDE/plugins/com.st.stm32cube.ide.mcu.externaltools.gnu-tools-for-stm32.13.3.rel1.win32_1.0.0.202411081344/tools/bin/../lib/gcc/arm-none-eabi/13.3.1/../../../../arm-none-eabi/lib/thumb/v7e-m+dp/hard\libc_nano.a(libc_a-freer.o)
                0x08007808                _free_r
 .text.sbrk_aligned
                0x0800789c       0x44 C:/ST/STM32CubeIDE_1.17.0/STM32CubeIDE/plugins/com.st.stm32cube.ide.mcu.externaltools.gnu-tools-for-stm32.13.3.rel1.win32_1.0.0.202411081344/tools/bin/../lib/gcc/arm-none-eabi/13.3.1/../../../../arm-none-eabi/lib/thumb/v7e-m+dp/hard\libc_nano.a(libc_a-mallocr.o)
 .text._malloc_r
                0x080078e0      0x100 C:/ST/STM32CubeIDE_1.17.0/STM32CubeIDE/plugins/com.st.stm32cube.ide.mcu.externaltools.gnu-tools-for-stm32.13.3.rel1.win32_1.0.0.202411081344/tools/bin/../lib/gcc/arm-none-eabi/13.3.1/../../../../arm-none-eabi/lib/thumb/v7e-m+dp/hard\libc_nano.a(libc_a-mallocr.o)
                0x080078e0                _malloc_r
 .text.__malloc_lock
                0x080079e0        0xc C:/ST/STM32CubeIDE_1.17.0/STM32CubeIDE/plugins/com.st.stm32cube.ide.mcu.externaltools.gnu-tools-for-stm32.13.3.rel1.win32_1.0.0.202411081344/tools/bin/../lib/gcc/arm-none-eabi/13.3.1/../../../../arm-none-eabi/lib/thumb/v7e-m+dp/hard\libc_nano.a(libc_a-mlock.o)
                0x080079e0                __malloc_lock
 .text.__malloc_unlock
                0x080079ec        0xc C:/ST/STM32CubeIDE_1.17.0/STM32CubeIDE/plugins/com.st.stm32cube.ide.mcu.externaltools.gnu-tools-for-stm32.13.3.rel1.win32_1.0.0.202411081344/tools/bin/../lib/gcc/arm-none-eabi/13.3.1/../../../../arm-none-eabi/lib/thumb/v7e-m+dp/hard\libc_nano.a(libc_a-mlock.o)
                0x080079ec                __malloc_unlock
 .text.__ssputs_r
                0x080079f8       0xb6 C:/ST/STM32CubeIDE_1.17.0/STM32CubeIDE/plugins/com.st.stm32cube.ide.mcu.externaltools.gnu-tools-for-stm32.13.3.rel1.win32_1.0.0.202411081344/tools/bin/../lib/gcc/arm-none-eabi/13.3.1/../../../../arm-none-eabi/lib/thumb/v7e-m+dp/hard\libc_nano.a(libc_a-nano-svfprintf.o)
                0x080079f8                __ssputs_r
 *fill*         0x08007aae        0x2 
 .text._svfprintf_r
                0x08007ab0      0x1f8 C:/ST/STM32CubeIDE_1.17.0/STM32CubeIDE/plugins/com.st.stm32cube.ide.mcu.externaltools.gnu-tools-for-stm32.13.3.rel1.win32_1.0.0.202411081344/tools/bin/../lib/gcc/arm-none-eabi/13.3.1/../../../../arm-none-eabi/lib/thumb/v7e-m+dp/hard\libc_nano.a(libc_a-nano-svfprintf.o)
                0x08007ab0                _svfiprintf_r
                0x08007ab0                _svfprintf_r
 .text._printf_common
                0x08007ca8       0xda C:/ST/STM32CubeIDE_1.17.0/STM32CubeIDE/plugins/com.st.stm32cube.ide.mcu.externaltools.gnu-tools-for-stm32.13.3.rel1.win32_1.0.0.202411081344/tools/bin/../lib/gcc/arm-none-eabi/13.3.1/../../../../arm-none-eabi/lib/thumb/v7e-m+dp/hard\libc_nano.a(libc_a-nano-vfprintf_i.o)
                0x08007ca8                _printf_common
 *fill*         0x08007d82        0x2 
 .text._printf_i
                0x08007d84      0x23c C:/ST/STM32CubeIDE_1.17.0/STM32CubeIDE/plugins/com.st.stm32cube.ide.mcu.externaltools.gnu-tools-for-stm32.13.3.rel1.win32_1.0.0.202411081344/tools/bin/../lib/gcc/arm-none-eabi/13.3.1/../../../../arm-none-eabi/lib/thumb/v7e-m+dp/hard\libc_nano.a(libc_a-nano-vfprintf_i.o)
                0x08007d84                _printf_i
 .text.memmove  0x08007fc0       0x34 C:/ST/STM32CubeIDE_1.17.0/STM32CubeIDE/plugins/com.st.stm32cube.ide.mcu.externaltools.gnu-tools-for-stm32.13.3.rel1.win32_1.0.0.202411081344/tools/bin/../lib/gcc/arm-none-eabi/13.3.1/../../../../arm-none-eabi/lib/thumb/v7e-m+dp/hard\libc_nano.a(libc_a-memmove.o)
                0x08007fc0                memmove
 .text._sbrk_r  0x08007ff4       0x20 C:/ST/STM32CubeIDE_1.17.0/STM32CubeIDE/plugins/com.st.stm32cube.ide.mcu.externaltools.gnu-tools-for-stm32.13.3.rel1.win32_1.0.0.202411081344/tools/bin/../lib/gcc/arm-none-eabi/13.3.1/../../../../arm-none-eabi/lib/thumb/v7e-m+dp/hard\libc_nano.a(libc_a-sbrkr.o)
                0x08007ff4                _sbrk_r
 .text.memcpy   0x08008014       0x1c C:/ST/STM32CubeIDE_1.17.0/STM32CubeIDE/plugins/com.st.stm32cube.ide.mcu.externaltools.gnu-tools-for-stm32.13.3.rel1.win32_1.0.0.202411081344/tools/bin/../lib/gcc/arm-none-eabi/13.3.1/../../../../arm-none-eabi/lib/thumb/v7e-m+dp/hard\libc_nano.a(libc_a-memcpy-stub.o)
                0x08008014                memcpy
 .text._realloc_r
                0x08008030       0x5c C:/ST/STM32CubeIDE_1.17.0/STM32CubeIDE/plugins/com.st.stm32cube.ide.mcu.externaltools.gnu-tools-for-stm32.13.3.rel1.win32_1.0.0.202411081344/tools/bin/../lib/gcc/arm-none-eabi/13.3.1/../../../../arm-none-eabi/lib/thumb/v7e-m+dp/hard\libc_nano.a(libc_a-reallocr.o)
                0x08008030                _realloc_r
 .text._malloc_usable_size_r
                0x0800808c       0x10 C:/ST/STM32CubeIDE_1.17.0/STM32CubeIDE/plugins/com.st.stm32cube.ide.mcu.externaltools.gnu-tools-for-stm32.13.3.rel1.win32_1.0.0.202411081344/tools/bin/../lib/gcc/arm-none-eabi/13.3.1/../../../../arm-none-eabi/lib/thumb/v7e-m+dp/hard\libc_nano.a(libc_a-msizer.o)
                0x0800808c                _malloc_usable_size_r
 *(.glue_7)
 .glue_7        0x0800809c        0x0 linker stubs
 *(.glue_7t)
 .glue_7t       0x0800809c        0x0 linker stubs
 *(.eh_frame)
 .eh_frame      0x0800809c        0x0 C:/ST/STM32CubeIDE_1.17.0/STM32CubeIDE/plugins/com.st.stm32cube.ide.mcu.externaltools.gnu-tools-for-stm32.13.3.rel1.win32_1.0.0.202411081344/tools/bin/../lib/gcc/arm-none-eabi/13.3.1/thumb/v7e-m+dp/hard/crtbegin.o
 *(.init)
 .init          0x0800809c        0x4 C:/ST/STM32CubeIDE_1.17.0/STM32CubeIDE/plugins/com.st.stm32cube.ide.mcu.externaltools.gnu-tools-for-stm32.13.3.rel1.win32_1.0.0.202411081344/tools/bin/../lib/gcc/arm-none-eabi/13.3.1/thumb/v7e-m+dp/hard/crti.o
                0x0800809c                _init
 .init          0x080080a0        0x8 C:/ST/STM32CubeIDE_1.17.0/STM32CubeIDE/plugins/com.st.stm32cube.ide.mcu.externaltools.gnu-tools-for-stm32.13.3.rel1.win32_1.0.0.202411081344/tools/bin/../lib/gcc/arm-none-eabi/13.3.1/thumb/v7e-m+dp/hard/crtn.o
 *(.fini)
 .fini          0x080080a8        0x4 C:/ST/STM32CubeIDE_1.17.0/STM32CubeIDE/plugins/com.st.stm32cube.ide.mcu.externaltools.gnu-tools-for-stm32.13.3.rel1.win32_1.0.0.202411081344/tools/bin/../lib/gcc/arm-none-eabi/13.3.1/thumb/v7e-m+dp/hard/crti.o
                0x080080a8                _fini
 .fini          0x080080ac        0x8 C:/ST/STM32CubeIDE_1.17.0/STM32CubeIDE/plugins/com.st.stm32cube.ide.mcu.externaltools.gnu-tools-for-stm32.13.3.rel1.win32_1.0.0.202411081344/tools/bin/../lib/gcc/arm-none-eabi/13.3.1/thumb/v7e-m+dp/hard/crtn.o
                0x080080b4                        . = ALIGN (0x4)
                0x080080b4                        _etext = .

.vfp11_veneer   0x080080b4        0x0
 .vfp11_veneer  0x080080b4        0x0 linker stubs

.v4_bx          0x080080b4        0x0
 .v4_bx         0x080080b4        0x0 linker stubs

.iplt           0x080080b4        0x0
 .iplt          0x080080b4        0x0 C:/ST/STM32CubeIDE_1.17.0/STM32CubeIDE/plugins/com.st.stm32cube.ide.mcu.externaltools.gnu-tools-for-stm32.13.3.rel1.win32_1.0.0.202411081344/tools/bin/../lib/gcc/arm-none-eabi/13.3.1/thumb/v7e-m+dp/hard/crtbegin.o

.rodata         0x080080b4       0xc4
                0x080080b4                        . = ALIGN (0x4)
 *(.rodata)
 .rodata        0x080080b4       0x26 ./app/ap.o
 *fill*         0x080080da        0x2 
 .rodata        0x080080dc       0x45 ./app/src/Heating Module Src/fan.o
 *(.rodata*)
 *fill*         0x08008121        0x3 
 .rodata.AHBPrescTable
                0x08008124       0x10 ./Core/Src/system_stm32f7xx.o
                0x08008124                AHBPrescTable
 .rodata.APBPrescTable
                0x08008134        0x8 ./Core/Src/system_stm32f7xx.o
                0x08008134                APBPrescTable
 .rodata.flagBitshiftOffset.0
                0x0800813c        0x8 ./Drivers/STM32F7xx_HAL_Driver/Src/stm32f7xx_hal_dma.o
 .rodata._svfprintf_r.str1.1
                0x08008144       0x33 C:/ST/STM32CubeIDE_1.17.0/STM32CubeIDE/plugins/com.st.stm32cube.ide.mcu.externaltools.gnu-tools-for-stm32.13.3.rel1.win32_1.0.0.202411081344/tools/bin/../lib/gcc/arm-none-eabi/13.3.1/../../../../arm-none-eabi/lib/thumb/v7e-m+dp/hard\libc_nano.a(libc_a-nano-svfprintf.o)
                                 0x11 (size before relaxing)
 .rodata._printf_i.str1.1
                0x08008177       0x22 C:/ST/STM32CubeIDE_1.17.0/STM32CubeIDE/plugins/com.st.stm32cube.ide.mcu.externaltools.gnu-tools-for-stm32.13.3.rel1.win32_1.0.0.202411081344/tools/bin/../lib/gcc/arm-none-eabi/13.3.1/../../../../arm-none-eabi/lib/thumb/v7e-m+dp/hard\libc_nano.a(libc_a-nano-vfprintf_i.o)
                0x0800819c                        . = ALIGN (0x4)
 *fill*         0x08008177        0x1 

.ARM.extab      0x08008178        0x0
                0x08008178                        . = ALIGN (0x4)
 *(.ARM.extab* .gnu.linkonce.armextab.*)
                0x08008178                        . = ALIGN (0x4)

.ARM            0x08008178        0x8
                0x08008178                        . = ALIGN (0x4)
                0x08008178                        __exidx_start = .
 *(.ARM.exidx*)
 .ARM.exidx     0x08008178        0x8 C:/ST/STM32CubeIDE_1.17.0/STM32CubeIDE/plugins/com.st.stm32cube.ide.mcu.externaltools.gnu-tools-for-stm32.13.3.rel1.win32_1.0.0.202411081344/tools/bin/../lib/gcc/arm-none-eabi/13.3.1/../../../../arm-none-eabi/lib/thumb/v7e-m+dp/hard\libc_nano.a(libc_a-memchr.o)
 .ARM.exidx     0x08008180        0x0 C:/ST/STM32CubeIDE_1.17.0/STM32CubeIDE/plugins/com.st.stm32cube.ide.mcu.externaltools.gnu-tools-for-stm32.13.3.rel1.win32_1.0.0.202411081344/tools/bin/../lib/gcc/arm-none-eabi/13.3.1/thumb/v7e-m+dp/hard\libgcc.a(_udivmoddi4.o)
                                  0x8 (size before relaxing)
                0x08008180                        __exidx_end = .
                0x08008180                        . = ALIGN (0x4)

.preinit_array  0x08008180        0x0
                0x08008180                        . = ALIGN (0x4)
                0x08008180                        PROVIDE (__preinit_array_start = .)
 *(.preinit_array*)
                0x08008180                        PROVIDE (__preinit_array_end = .)
                0x08008180                        . = ALIGN (0x4)

.init_array     0x08008180        0x4
                0x08008180                        . = ALIGN (0x4)
                0x08008180                        PROVIDE (__init_array_start = .)
 *(SORT_BY_NAME(.init_array.*))
 *(.init_array*)
 .init_array    0x08008180        0x4 C:/ST/STM32CubeIDE_1.17.0/STM32CubeIDE/plugins/com.st.stm32cube.ide.mcu.externaltools.gnu-tools-for-stm32.13.3.rel1.win32_1.0.0.202411081344/tools/bin/../lib/gcc/arm-none-eabi/13.3.1/thumb/v7e-m+dp/hard/crtbegin.o
                0x08008184                        PROVIDE (__init_array_end = .)
                0x08008184                        . = ALIGN (0x4)

.fini_array     0x08008184        0x4
                0x08008184                        . = ALIGN (0x4)
                [!provide]                        PROVIDE (__fini_array_start = .)
 *(SORT_BY_NAME(.fini_array.*))
 *(.fini_array*)
 .fini_array    0x08008184        0x4 C:/ST/STM32CubeIDE_1.17.0/STM32CubeIDE/plugins/com.st.stm32cube.ide.mcu.externaltools.gnu-tools-for-stm32.13.3.rel1.win32_1.0.0.202411081344/tools/bin/../lib/gcc/arm-none-eabi/13.3.1/thumb/v7e-m+dp/hard/crtbegin.o
                [!provide]                        PROVIDE (__fini_array_end = .)
                0x08008188                        . = ALIGN (0x4)
                0x08008188                        _sidata = LOADADDR (.data)

.rel.dyn        0x08008188        0x0
 .rel.iplt      0x08008188        0x0 C:/ST/STM32CubeIDE_1.17.0/STM32CubeIDE/plugins/com.st.stm32cube.ide.mcu.externaltools.gnu-tools-for-stm32.13.3.rel1.win32_1.0.0.202411081344/tools/bin/../lib/gcc/arm-none-eabi/13.3.1/thumb/v7e-m+dp/hard/crtbegin.o

.data           0x20000000       0x5c load address 0x08008188
                0x20000000                        . = ALIGN (0x4)
                0x20000000                        _sdata = .
 *(.data)
 *(.data*)
 .data.SystemCoreClock
                0x20000000        0x4 ./Core/Src/system_stm32f7xx.o
                0x20000000                SystemCoreClock
 .data.uwTickPrio
                0x20000004        0x4 ./Drivers/STM32F7xx_HAL_Driver/Src/stm32f7xx_hal.o
                0x20000004                uwTickPrio
 .data.uwTickFreq
                0x20000008        0x1 ./Drivers/STM32F7xx_HAL_Driver/Src/stm32f7xx_hal.o
                0x20000008                uwTickFreq
 *fill*         0x20000009        0x3 
 .data._impure_ptr
                0x2000000c        0x4 C:/ST/STM32CubeIDE_1.17.0/STM32CubeIDE/plugins/com.st.stm32cube.ide.mcu.externaltools.gnu-tools-for-stm32.13.3.rel1.win32_1.0.0.202411081344/tools/bin/../lib/gcc/arm-none-eabi/13.3.1/../../../../arm-none-eabi/lib/thumb/v7e-m+dp/hard\libc_nano.a(libc_a-impure.o)
                0x2000000c                _impure_ptr
 .data._impure_data
                0x20000010       0x4c C:/ST/STM32CubeIDE_1.17.0/STM32CubeIDE/plugins/com.st.stm32cube.ide.mcu.externaltools.gnu-tools-for-stm32.13.3.rel1.win32_1.0.0.202411081344/tools/bin/../lib/gcc/arm-none-eabi/13.3.1/../../../../arm-none-eabi/lib/thumb/v7e-m+dp/hard\libc_nano.a(libc_a-impure.o)
                0x20000010                _impure_data
 *(.RamFunc)
 *(.RamFunc*)
                0x2000005c                        . = ALIGN (0x4)
                0x2000005c                        _edata = .

.igot.plt       0x2000005c        0x0 load address 0x080081e4
 .igot.plt      0x2000005c        0x0 C:/ST/STM32CubeIDE_1.17.0/STM32CubeIDE/plugins/com.st.stm32cube.ide.mcu.externaltools.gnu-tools-for-stm32.13.3.rel1.win32_1.0.0.202411081344/tools/bin/../lib/gcc/arm-none-eabi/13.3.1/thumb/v7e-m+dp/hard/crtbegin.o

.RxDecripSection
                0x2000005c       0xa0 load address 0x080081e4
 .RxDecripSection
                0x2000005c       0xa0 ./Core/Src/main.o
                0x2000005c                DMARxDscrTab

.TxDecripSection
                0x200000fc       0xa0 load address 0x08008284
 .TxDecripSection
                0x200000fc       0xa0 ./Core/Src/main.o
                0x200000fc                DMATxDscrTab
                0x2000019c                        . = ALIGN (0x4)

.bss            0x2000019c      0xaf0 load address 0x08008324
                0x2000019c                        _sbss = .
                0x2000019c                        __bss_start__ = _sbss
 *(.bss)
 .bss           0x2000019c       0x1c C:/ST/STM32CubeIDE_1.17.0/STM32CubeIDE/plugins/com.st.stm32cube.ide.mcu.externaltools.gnu-tools-for-stm32.13.3.rel1.win32_1.0.0.202411081344/tools/bin/../lib/gcc/arm-none-eabi/13.3.1/thumb/v7e-m+dp/hard/crtbegin.o
 *(.bss*)
 .bss.TxConfig  0x200001b8       0x38 ./Core/Src/main.o
                0x200001b8                TxConfig
 .bss.heth      0x200001f0       0xb0 ./Core/Src/main.o
                0x200001f0                heth
 .bss.hspi1     0x200002a0       0x64 ./Core/Src/main.o
                0x200002a0                hspi1
 .bss.hspi2     0x20000304       0x64 ./Core/Src/main.o
                0x20000304                hspi2
 .bss.htim1     0x20000368       0x4c ./Core/Src/main.o
                0x20000368                htim1
 .bss.htim3     0x200003b4       0x4c ./Core/Src/main.o
                0x200003b4                htim3
 .bss.htim9     0x20000400       0x4c ./Core/Src/main.o
                0x20000400                htim9
 .bss.huart3    0x2000044c       0x88 ./Core/Src/main.o
                0x2000044c                huart3
 .bss.hdma_usart3_rx
                0x200004d4       0x60 ./Core/Src/main.o
                0x200004d4                hdma_usart3_rx
 .bss.hpcd_USB_OTG_FS
                0x20000534      0x4e0 ./Core/Src/main.o
                0x20000534                hpcd_USB_OTG_FS
 .bss.MACAddr.0
                0x20000a14        0x6 ./Core/Src/main.o
 *fill*         0x20000a1a        0x2 
 .bss.__sbrk_heap_end
                0x20000a1c        0x4 ./Core/Src/sysmem.o
 .bss.uwTick    0x20000a20        0x4 ./Drivers/STM32F7xx_HAL_Driver/Src/stm32f7xx_hal.o
                0x20000a20                uwTick
 .bss.last_cc   0x20000a24        0x2 ./app/src/Heating Module Src/fan_speed.o
 .bss.primed    0x20000a26        0x1 ./app/src/Heating Module Src/fan_speed.o
 *fill*         0x20000a27        0x1 
 .bss.diff_buf  0x20000a28       0x10 ./app/src/Heating Module Src/fan_speed.o
 .bss.diff_idx  0x20000a38        0x1 ./app/src/Heating Module Src/fan_speed.o
 .bss.warmup_left
                0x20000a39        0x1 ./app/src/Heating Module Src/fan_speed.o
 *fill*         0x20000a3a        0x2 
 .bss.rpm_x100  0x20000a3c        0x4 ./app/src/Heating Module Src/fan_speed.o
 .bss.last_update_ms
                0x20000a40        0x4 ./app/src/Heating Module Src/fan_speed.o
 .bss.q_buf     0x20000a44      0x100 ./app/src/uart.o
 .bss.__sf      0x20000b44      0x138 C:/ST/STM32CubeIDE_1.17.0/STM32CubeIDE/plugins/com.st.stm32cube.ide.mcu.externaltools.gnu-tools-for-stm32.13.3.rel1.win32_1.0.0.202411081344/tools/bin/../lib/gcc/arm-none-eabi/13.3.1/../../../../arm-none-eabi/lib/thumb/v7e-m+dp/hard\libc_nano.a(libc_a-findfp.o)
                0x20000b44                __sf
 .bss.errno     0x20000c7c        0x4 C:/ST/STM32CubeIDE_1.17.0/STM32CubeIDE/plugins/com.st.stm32cube.ide.mcu.externaltools.gnu-tools-for-stm32.13.3.rel1.win32_1.0.0.202411081344/tools/bin/../lib/gcc/arm-none-eabi/13.3.1/../../../../arm-none-eabi/lib/thumb/v7e-m+dp/hard\libc_nano.a(libc_a-reent.o)
                0x20000c7c                errno
 .bss.__lock___malloc_recursive_mutex
                0x20000c80        0x1 C:/ST/STM32CubeIDE_1.17.0/STM32CubeIDE/plugins/com.st.stm32cube.ide.mcu.externaltools.gnu-tools-for-stm32.13.3.rel1.win32_1.0.0.202411081344/tools/bin/../lib/gcc/arm-none-eabi/13.3.1/../../../../arm-none-eabi/lib/thumb/v7e-m+dp/hard\libc_nano.a(libc_a-lock.o)
                0x20000c80                __lock___malloc_recursive_mutex
 *fill*         0x20000c81        0x3 
 .bss.__malloc_sbrk_start
                0x20000c84        0x4 C:/ST/STM32CubeIDE_1.17.0/STM32CubeIDE/plugins/com.st.stm32cube.ide.mcu.externaltools.gnu-tools-for-stm32.13.3.rel1.win32_1.0.0.202411081344/tools/bin/../lib/gcc/arm-none-eabi/13.3.1/../../../../arm-none-eabi/lib/thumb/v7e-m+dp/hard\libc_nano.a(libc_a-mallocr.o)
                0x20000c84                __malloc_sbrk_start
 .bss.__malloc_free_list
                0x20000c88        0x4 C:/ST/STM32CubeIDE_1.17.0/STM32CubeIDE/plugins/com.st.stm32cube.ide.mcu.externaltools.gnu-tools-for-stm32.13.3.rel1.win32_1.0.0.202411081344/tools/bin/../lib/gcc/arm-none-eabi/13.3.1/../../../../arm-none-eabi/lib/thumb/v7e-m+dp/hard\libc_nano.a(libc_a-mallocr.o)
                0x20000c88                __malloc_free_list
 *(COMMON)
                0x20000c8c                        . = ALIGN (0x4)
                0x20000c8c                        _ebss = .
                0x20000c8c                        __bss_end__ = _ebss

._user_heap_stack
                0x20000c8c      0x604 load address 0x08008324
                0x20000c90                        . = ALIGN (0x8)
 *fill*         0x20000c8c        0x4 
                [!provide]                        PROVIDE (end = .)
                0x20000c90                        PROVIDE (_end = .)
                0x20000e90                        . = (. + _Min_Heap_Size)
 *fill*         0x20000c90      0x200 
                0x20001290                        . = (. + _Min_Stack_Size)
 *fill*         0x20000e90      0x400 
                0x20001290                        . = ALIGN (0x8)

/DISCARD/
 libc.a(*)
 libm.a(*)
 libgcc.a(*)

.ARM.attributes
                0x00000000       0x2e
 *(.ARM.attributes)
 .ARM.attributes
                0x00000000       0x20 C:/ST/STM32CubeIDE_1.17.0/STM32CubeIDE/plugins/com.st.stm32cube.ide.mcu.externaltools.gnu-tools-for-stm32.13.3.rel1.win32_1.0.0.202411081344/tools/bin/../lib/gcc/arm-none-eabi/13.3.1/thumb/v7e-m+dp/hard/crti.o
 .ARM.attributes
                0x00000020       0x32 C:/ST/STM32CubeIDE_1.17.0/STM32CubeIDE/plugins/com.st.stm32cube.ide.mcu.externaltools.gnu-tools-for-stm32.13.3.rel1.win32_1.0.0.202411081344/tools/bin/../lib/gcc/arm-none-eabi/13.3.1/thumb/v7e-m+dp/hard/crtbegin.o
 .ARM.attributes
                0x00000052       0x32 ./Core/Src/main.o
 .ARM.attributes
                0x00000084       0x32 ./Core/Src/stm32f7xx_hal_msp.o
 .ARM.attributes
                0x000000b6       0x32 ./Core/Src/stm32f7xx_it.o
 .ARM.attributes
                0x000000e8       0x32 ./Core/Src/sysmem.o
 .ARM.attributes
                0x0000011a       0x32 ./Core/Src/system_stm32f7xx.o
 .ARM.attributes
                0x0000014c       0x21 ./Core/Startup/startup_stm32f767zitx.o
 .ARM.attributes
                0x0000016d       0x32 ./Drivers/STM32F7xx_HAL_Driver/Src/stm32f7xx_hal.o
 .ARM.attributes
                0x0000019f       0x32 ./Drivers/STM32F7xx_HAL_Driver/Src/stm32f7xx_hal_cortex.o
 .ARM.attributes
                0x000001d1       0x32 ./Drivers/STM32F7xx_HAL_Driver/Src/stm32f7xx_hal_dma.o
 .ARM.attributes
                0x00000203       0x32 ./Drivers/STM32F7xx_HAL_Driver/Src/stm32f7xx_hal_eth.o
 .ARM.attributes
                0x00000235       0x32 ./Drivers/STM32F7xx_HAL_Driver/Src/stm32f7xx_hal_gpio.o
 .ARM.attributes
                0x00000267       0x32 ./Drivers/STM32F7xx_HAL_Driver/Src/stm32f7xx_hal_pcd.o
 .ARM.attributes
                0x00000299       0x32 ./Drivers/STM32F7xx_HAL_Driver/Src/stm32f7xx_hal_pcd_ex.o
 .ARM.attributes
                0x000002cb       0x32 ./Drivers/STM32F7xx_HAL_Driver/Src/stm32f7xx_hal_pwr.o
 .ARM.attributes
                0x000002fd       0x32 ./Drivers/STM32F7xx_HAL_Driver/Src/stm32f7xx_hal_pwr_ex.o
 .ARM.attributes
                0x0000032f       0x32 ./Drivers/STM32F7xx_HAL_Driver/Src/stm32f7xx_hal_rcc.o
 .ARM.attributes
                0x00000361       0x32 ./Drivers/STM32F7xx_HAL_Driver/Src/stm32f7xx_hal_rcc_ex.o
 .ARM.attributes
                0x00000393       0x32 ./Drivers/STM32F7xx_HAL_Driver/Src/stm32f7xx_hal_spi.o
 .ARM.attributes
                0x000003c5       0x32 ./Drivers/STM32F7xx_HAL_Driver/Src/stm32f7xx_hal_tim.o
 .ARM.attributes
                0x000003f7       0x32 ./Drivers/STM32F7xx_HAL_Driver/Src/stm32f7xx_hal_tim_ex.o
 .ARM.attributes
                0x00000429       0x32 ./Drivers/STM32F7xx_HAL_Driver/Src/stm32f7xx_hal_uart.o
 .ARM.attributes
                0x0000045b       0x32 ./Drivers/STM32F7xx_HAL_Driver/Src/stm32f7xx_ll_usb.o
 .ARM.attributes
                0x0000048d       0x32 ./app/ap.o
 .ARM.attributes
                0x000004bf       0x32 ./app/src/Heating Module Src/fan.o
 .ARM.attributes
                0x000004f1       0x32 ./app/src/Heating Module Src/fan_speed.o
 .ARM.attributes
                0x00000523       0x32 ./app/src/uart.o
 .ARM.attributes
                0x00000555       0x32 C:/ST/STM32CubeIDE_1.17.0/STM32CubeIDE/plugins/com.st.stm32cube.ide.mcu.externaltools.gnu-tools-for-stm32.13.3.rel1.win32_1.0.0.202411081344/tools/bin/../lib/gcc/arm-none-eabi/13.3.1/../../../../arm-none-eabi/lib/thumb/v7e-m+dp/hard\libc_nano.a(libc_a-findfp.o)
 .ARM.attributes
                0x00000587       0x32 C:/ST/STM32CubeIDE_1.17.0/STM32CubeIDE/plugins/com.st.stm32cube.ide.mcu.externaltools.gnu-tools-for-stm32.13.3.rel1.win32_1.0.0.202411081344/tools/bin/../lib/gcc/arm-none-eabi/13.3.1/../../../../arm-none-eabi/lib/thumb/v7e-m+dp/hard\libc_nano.a(libc_a-vsnprintf.o)
 .ARM.attributes
                0x000005b9       0x32 C:/ST/STM32CubeIDE_1.17.0/STM32CubeIDE/plugins/com.st.stm32cube.ide.mcu.externaltools.gnu-tools-for-stm32.13.3.rel1.win32_1.0.0.202411081344/tools/bin/../lib/gcc/arm-none-eabi/13.3.1/../../../../arm-none-eabi/lib/thumb/v7e-m+dp/hard\libc_nano.a(libc_a-memset.o)
 .ARM.attributes
                0x000005eb       0x32 C:/ST/STM32CubeIDE_1.17.0/STM32CubeIDE/plugins/com.st.stm32cube.ide.mcu.externaltools.gnu-tools-for-stm32.13.3.rel1.win32_1.0.0.202411081344/tools/bin/../lib/gcc/arm-none-eabi/13.3.1/../../../../arm-none-eabi/lib/thumb/v7e-m+dp/hard\libc_nano.a(libc_a-reent.o)
 .ARM.attributes
                0x0000061d       0x32 C:/ST/STM32CubeIDE_1.17.0/STM32CubeIDE/plugins/com.st.stm32cube.ide.mcu.externaltools.gnu-tools-for-stm32.13.3.rel1.win32_1.0.0.202411081344/tools/bin/../lib/gcc/arm-none-eabi/13.3.1/../../../../arm-none-eabi/lib/thumb/v7e-m+dp/hard\libc_nano.a(libc_a-impure.o)
 .ARM.attributes
                0x0000064f       0x32 C:/ST/STM32CubeIDE_1.17.0/STM32CubeIDE/plugins/com.st.stm32cube.ide.mcu.externaltools.gnu-tools-for-stm32.13.3.rel1.win32_1.0.0.202411081344/tools/bin/../lib/gcc/arm-none-eabi/13.3.1/../../../../arm-none-eabi/lib/thumb/v7e-m+dp/hard\libc_nano.a(libc_a-errno.o)
 .ARM.attributes
                0x00000681       0x32 C:/ST/STM32CubeIDE_1.17.0/STM32CubeIDE/plugins/com.st.stm32cube.ide.mcu.externaltools.gnu-tools-for-stm32.13.3.rel1.win32_1.0.0.202411081344/tools/bin/../lib/gcc/arm-none-eabi/13.3.1/../../../../arm-none-eabi/lib/thumb/v7e-m+dp/hard\libc_nano.a(libc_a-init.o)
 .ARM.attributes
                0x000006b3       0x32 C:/ST/STM32CubeIDE_1.17.0/STM32CubeIDE/plugins/com.st.stm32cube.ide.mcu.externaltools.gnu-tools-for-stm32.13.3.rel1.win32_1.0.0.202411081344/tools/bin/../lib/gcc/arm-none-eabi/13.3.1/../../../../arm-none-eabi/lib/thumb/v7e-m+dp/hard\libc_nano.a(libc_a-lock.o)
 .ARM.attributes
                0x000006e5       0x32 C:/ST/STM32CubeIDE_1.17.0/STM32CubeIDE/plugins/com.st.stm32cube.ide.mcu.externaltools.gnu-tools-for-stm32.13.3.rel1.win32_1.0.0.202411081344/tools/bin/../lib/gcc/arm-none-eabi/13.3.1/../../../../arm-none-eabi/lib/thumb/v7e-m+dp/hard\libc_nano.a(libc_a-freer.o)
 .ARM.attributes
                0x00000717       0x32 C:/ST/STM32CubeIDE_1.17.0/STM32CubeIDE/plugins/com.st.stm32cube.ide.mcu.externaltools.gnu-tools-for-stm32.13.3.rel1.win32_1.0.0.202411081344/tools/bin/../lib/gcc/arm-none-eabi/13.3.1/../../../../arm-none-eabi/lib/thumb/v7e-m+dp/hard\libc_nano.a(libc_a-mallocr.o)
 .ARM.attributes
                0x00000749       0x32 C:/ST/STM32CubeIDE_1.17.0/STM32CubeIDE/plugins/com.st.stm32cube.ide.mcu.externaltools.gnu-tools-for-stm32.13.3.rel1.win32_1.0.0.202411081344/tools/bin/../lib/gcc/arm-none-eabi/13.3.1/../../../../arm-none-eabi/lib/thumb/v7e-m+dp/hard\libc_nano.a(libc_a-mlock.o)
 .ARM.attributes
                0x0000077b       0x32 C:/ST/STM32CubeIDE_1.17.0/STM32CubeIDE/plugins/com.st.stm32cube.ide.mcu.externaltools.gnu-tools-for-stm32.13.3.rel1.win32_1.0.0.202411081344/tools/bin/../lib/gcc/arm-none-eabi/13.3.1/../../../../arm-none-eabi/lib/thumb/v7e-m+dp/hard\libc_nano.a(libc_a-nano-svfprintf.o)
 .ARM.attributes
                0x000007ad       0x32 C:/ST/STM32CubeIDE_1.17.0/STM32CubeIDE/plugins/com.st.stm32cube.ide.mcu.externaltools.gnu-tools-for-stm32.13.3.rel1.win32_1.0.0.202411081344/tools/bin/../lib/gcc/arm-none-eabi/13.3.1/../../../../arm-none-eabi/lib/thumb/v7e-m+dp/hard\libc_nano.a(libc_a-nano-vfprintf_i.o)
 .ARM.attributes
                0x000007df       0x32 C:/ST/STM32CubeIDE_1.17.0/STM32CubeIDE/plugins/com.st.stm32cube.ide.mcu.externaltools.gnu-tools-for-stm32.13.3.rel1.win32_1.0.0.202411081344/tools/bin/../lib/gcc/arm-none-eabi/13.3.1/../../../../arm-none-eabi/lib/thumb/v7e-m+dp/hard\libc_nano.a(libc_a-memmove.o)
 .ARM.attributes
                0x00000811       0x32 C:/ST/STM32CubeIDE_1.17.0/STM32CubeIDE/plugins/com.st.stm32cube.ide.mcu.externaltools.gnu-tools-for-stm32.13.3.rel1.win32_1.0.0.202411081344/tools/bin/../lib/gcc/arm-none-eabi/13.3.1/../../../../arm-none-eabi/lib/thumb/v7e-m+dp/hard\libc_nano.a(libc_a-sbrkr.o)
 .ARM.attributes
                0x00000843       0x1c C:/ST/STM32CubeIDE_1.17.0/STM32CubeIDE/plugins/com.st.stm32cube.ide.mcu.externaltools.gnu-tools-for-stm32.13.3.rel1.win32_1.0.0.202411081344/tools/bin/../lib/gcc/arm-none-eabi/13.3.1/../../../../arm-none-eabi/lib/thumb/v7e-m+dp/hard\libc_nano.a(libc_a-memchr.o)
 .ARM.attributes
                0x0000085f       0x32 C:/ST/STM32CubeIDE_1.17.0/STM32CubeIDE/plugins/com.st.stm32cube.ide.mcu.externaltools.gnu-tools-for-stm32.13.3.rel1.win32_1.0.0.202411081344/tools/bin/../lib/gcc/arm-none-eabi/13.3.1/../../../../arm-none-eabi/lib/thumb/v7e-m+dp/hard\libc_nano.a(libc_a-memcpy-stub.o)
 .ARM.attributes
                0x00000891       0x32 C:/ST/STM32CubeIDE_1.17.0/STM32CubeIDE/plugins/com.st.stm32cube.ide.mcu.externaltools.gnu-tools-for-stm32.13.3.rel1.win32_1.0.0.202411081344/tools/bin/../lib/gcc/arm-none-eabi/13.3.1/../../../../arm-none-eabi/lib/thumb/v7e-m+dp/hard\libc_nano.a(libc_a-reallocr.o)
 .ARM.attributes
                0x000008c3       0x32 C:/ST/STM32CubeIDE_1.17.0/STM32CubeIDE/plugins/com.st.stm32cube.ide.mcu.externaltools.gnu-tools-for-stm32.13.3.rel1.win32_1.0.0.202411081344/tools/bin/../lib/gcc/arm-none-eabi/13.3.1/../../../../arm-none-eabi/lib/thumb/v7e-m+dp/hard\libc_nano.a(libc_a-msizer.o)
 .ARM.attributes
                0x000008f5       0x20 C:/ST/STM32CubeIDE_1.17.0/STM32CubeIDE/plugins/com.st.stm32cube.ide.mcu.externaltools.gnu-tools-for-stm32.13.3.rel1.win32_1.0.0.202411081344/tools/bin/../lib/gcc/arm-none-eabi/13.3.1/thumb/v7e-m+dp/hard\libgcc.a(_aeabi_uldivmod.o)
 .ARM.attributes
                0x00000915       0x32 C:/ST/STM32CubeIDE_1.17.0/STM32CubeIDE/plugins/com.st.stm32cube.ide.mcu.externaltools.gnu-tools-for-stm32.13.3.rel1.win32_1.0.0.202411081344/tools/bin/../lib/gcc/arm-none-eabi/13.3.1/thumb/v7e-m+dp/hard\libgcc.a(_udivmoddi4.o)
 .ARM.attributes
                0x00000947       0x20 C:/ST/STM32CubeIDE_1.17.0/STM32CubeIDE/plugins/com.st.stm32cube.ide.mcu.externaltools.gnu-tools-for-stm32.13.3.rel1.win32_1.0.0.202411081344/tools/bin/../lib/gcc/arm-none-eabi/13.3.1/thumb/v7e-m+dp/hard\libgcc.a(_dvmd_tls.o)
 .ARM.attributes
                0x00000967       0x20 C:/ST/STM32CubeIDE_1.17.0/STM32CubeIDE/plugins/com.st.stm32cube.ide.mcu.externaltools.gnu-tools-for-stm32.13.3.rel1.win32_1.0.0.202411081344/tools/bin/../lib/gcc/arm-none-eabi/13.3.1/thumb/v7e-m+dp/hard/crtn.o
OUTPUT(MugMate.elf elf32-littlearm)
LOAD linker stubs
LOAD C:/ST/STM32CubeIDE_1.17.0/STM32CubeIDE/plugins/com.st.stm32cube.ide.mcu.externaltools.gnu-tools-for-stm32.13.3.rel1.win32_1.0.0.202411081344/tools/bin/../lib/gcc/arm-none-eabi/13.3.1/../../../../arm-none-eabi/lib/thumb/v7e-m+dp/hard\libc.a
LOAD C:/ST/STM32CubeIDE_1.17.0/STM32CubeIDE/plugins/com.st.stm32cube.ide.mcu.externaltools.gnu-tools-for-stm32.13.3.rel1.win32_1.0.0.202411081344/tools/bin/../lib/gcc/arm-none-eabi/13.3.1/../../../../arm-none-eabi/lib/thumb/v7e-m+dp/hard\libm.a
LOAD C:/ST/STM32CubeIDE_1.17.0/STM32CubeIDE/plugins/com.st.stm32cube.ide.mcu.externaltools.gnu-tools-for-stm32.13.3.rel1.win32_1.0.0.202411081344/tools/bin/../lib/gcc/arm-none-eabi/13.3.1/thumb/v7e-m+dp/hard\libgcc.a

.debug_info     0x00000000    0x1b5b9
 .debug_info    0x00000000     0x2ad0 ./Core/Src/main.o
 .debug_info    0x00002ad0     0x2778 ./Core/Src/stm32f7xx_hal_msp.o
 .debug_info    0x00005248      0x779 ./Core/Src/stm32f7xx_it.o
 .debug_info    0x000059c1      0x168 ./Core/Src/sysmem.o
 .debug_info    0x00005b29      0x6ed ./Core/Src/system_stm32f7xx.o
 .debug_info    0x00006216       0x30 ./Core/Startup/startup_stm32f767zitx.o
 .debug_info    0x00006246      0xa4c ./Drivers/STM32F7xx_HAL_Driver/Src/stm32f7xx_hal.o
 .debug_info    0x00006c92      0xfc0 ./Drivers/STM32F7xx_HAL_Driver/Src/stm32f7xx_hal_cortex.o
 .debug_info    0x00007c52      0x8e7 ./Drivers/STM32F7xx_HAL_Driver/Src/stm32f7xx_hal_dma.o
 .debug_info    0x00008539     0x21b6 ./Drivers/STM32F7xx_HAL_Driver/Src/stm32f7xx_hal_eth.o
 .debug_info    0x0000a6ef      0x6f3 ./Drivers/STM32F7xx_HAL_Driver/Src/stm32f7xx_hal_gpio.o
 .debug_info    0x0000ade2     0x1599 ./Drivers/STM32F7xx_HAL_Driver/Src/stm32f7xx_hal_pcd.o
 .debug_info    0x0000c37b      0x7a3 ./Drivers/STM32F7xx_HAL_Driver/Src/stm32f7xx_hal_pcd_ex.o
 .debug_info    0x0000cb1e      0x90e ./Drivers/STM32F7xx_HAL_Driver/Src/stm32f7xx_hal_pwr.o
 .debug_info    0x0000d42c      0x8cd ./Drivers/STM32F7xx_HAL_Driver/Src/stm32f7xx_hal_pwr_ex.o
 .debug_info    0x0000dcf9      0x94b ./Drivers/STM32F7xx_HAL_Driver/Src/stm32f7xx_hal_rcc.o
 .debug_info    0x0000e644      0x6e1 ./Drivers/STM32F7xx_HAL_Driver/Src/stm32f7xx_hal_rcc_ex.o
 .debug_info    0x0000ed25     0x15c0 ./Drivers/STM32F7xx_HAL_Driver/Src/stm32f7xx_hal_spi.o
 .debug_info    0x000102e5     0x2ad5 ./Drivers/STM32F7xx_HAL_Driver/Src/stm32f7xx_hal_tim.o
 .debug_info    0x00012dba     0x16bb ./Drivers/STM32F7xx_HAL_Driver/Src/stm32f7xx_hal_tim_ex.o
 .debug_info    0x00014475     0x3b13 ./Drivers/STM32F7xx_HAL_Driver/Src/stm32f7xx_hal_uart.o
 .debug_info    0x00017f88     0x19fc ./Drivers/STM32F7xx_HAL_Driver/Src/stm32f7xx_ll_usb.o
 .debug_info    0x00019984      0x1f3 ./app/ap.o
 .debug_info    0x00019b77      0x7d9 ./app/src/Heating Module Src/fan.o
 .debug_info    0x0001a350      0x965 ./app/src/Heating Module Src/fan_speed.o
 .debug_info    0x0001acb5      0x904 ./app/src/uart.o

.debug_abbrev   0x00000000     0x3836
 .debug_abbrev  0x00000000      0x365 ./Core/Src/main.o
 .debug_abbrev  0x00000365      0x2cc ./Core/Src/stm32f7xx_hal_msp.o
 .debug_abbrev  0x00000631      0x194 ./Core/Src/stm32f7xx_it.o
 .debug_abbrev  0x000007c5       0xbc ./Core/Src/sysmem.o
 .debug_abbrev  0x00000881      0x13b ./Core/Src/system_stm32f7xx.o
 .debug_abbrev  0x000009bc       0x24 ./Core/Startup/startup_stm32f767zitx.o
 .debug_abbrev  0x000009e0      0x213 ./Drivers/STM32F7xx_HAL_Driver/Src/stm32f7xx_hal.o
 .debug_abbrev  0x00000bf3      0x31e ./Drivers/STM32F7xx_HAL_Driver/Src/stm32f7xx_hal_cortex.o
 .debug_abbrev  0x00000f11      0x264 ./Drivers/STM32F7xx_HAL_Driver/Src/stm32f7xx_hal_dma.o
 .debug_abbrev  0x00001175      0x35a ./Drivers/STM32F7xx_HAL_Driver/Src/stm32f7xx_hal_eth.o
 .debug_abbrev  0x000014cf      0x1d4 ./Drivers/STM32F7xx_HAL_Driver/Src/stm32f7xx_hal_gpio.o
 .debug_abbrev  0x000016a3      0x2ee ./Drivers/STM32F7xx_HAL_Driver/Src/stm32f7xx_hal_pcd.o
 .debug_abbrev  0x00001991      0x1ca ./Drivers/STM32F7xx_HAL_Driver/Src/stm32f7xx_hal_pcd_ex.o
 .debug_abbrev  0x00001b5b      0x1c5 ./Drivers/STM32F7xx_HAL_Driver/Src/stm32f7xx_hal_pwr.o
 .debug_abbrev  0x00001d20      0x1d5 ./Drivers/STM32F7xx_HAL_Driver/Src/stm32f7xx_hal_pwr_ex.o
 .debug_abbrev  0x00001ef5      0x2de ./Drivers/STM32F7xx_HAL_Driver/Src/stm32f7xx_hal_rcc.o
 .debug_abbrev  0x000021d3      0x1c9 ./Drivers/STM32F7xx_HAL_Driver/Src/stm32f7xx_hal_rcc_ex.o
 .debug_abbrev  0x0000239c      0x25f ./Drivers/STM32F7xx_HAL_Driver/Src/stm32f7xx_hal_spi.o
 .debug_abbrev  0x000025fb      0x278 ./Drivers/STM32F7xx_HAL_Driver/Src/stm32f7xx_hal_tim.o
 .debug_abbrev  0x00002873      0x283 ./Drivers/STM32F7xx_HAL_Driver/Src/stm32f7xx_hal_tim_ex.o
 .debug_abbrev  0x00002af6      0x2e6 ./Drivers/STM32F7xx_HAL_Driver/Src/stm32f7xx_hal_uart.o
 .debug_abbrev  0x00002ddc      0x293 ./Drivers/STM32F7xx_HAL_Driver/Src/stm32f7xx_ll_usb.o
 .debug_abbrev  0x0000306f      0x15f ./app/ap.o
 .debug_abbrev  0x000031ce      0x1f1 ./app/src/Heating Module Src/fan.o
 .debug_abbrev  0x000033bf      0x278 ./app/src/Heating Module Src/fan_speed.o
 .debug_abbrev  0x00003637      0x1ff ./app/src/uart.o

.debug_aranges  0x00000000     0x1660
 .debug_aranges
                0x00000000       0x80 ./Core/Src/main.o
 .debug_aranges
                0x00000080       0x88 ./Core/Src/stm32f7xx_hal_msp.o
 .debug_aranges
                0x00000108       0x70 ./Core/Src/stm32f7xx_it.o
 .debug_aranges
                0x00000178       0x20 ./Core/Src/sysmem.o
 .debug_aranges
                0x00000198       0x28 ./Core/Src/system_stm32f7xx.o
 .debug_aranges
                0x000001c0       0x28 ./Core/Startup/startup_stm32f767zitx.o
 .debug_aranges
                0x000001e8      0x110 ./Drivers/STM32F7xx_HAL_Driver/Src/stm32f7xx_hal.o
 .debug_aranges
                0x000002f8      0x128 ./Drivers/STM32F7xx_HAL_Driver/Src/stm32f7xx_hal_cortex.o
 .debug_aranges
                0x00000420       0x90 ./Drivers/STM32F7xx_HAL_Driver/Src/stm32f7xx_hal_dma.o
 .debug_aranges
                0x000004b0      0x1e8 ./Drivers/STM32F7xx_HAL_Driver/Src/stm32f7xx_hal_eth.o
 .debug_aranges
                0x00000698       0x58 ./Drivers/STM32F7xx_HAL_Driver/Src/stm32f7xx_hal_gpio.o
 .debug_aranges
                0x000006f0      0x148 ./Drivers/STM32F7xx_HAL_Driver/Src/stm32f7xx_hal_pcd.o
 .debug_aranges
                0x00000838       0x48 ./Drivers/STM32F7xx_HAL_Driver/Src/stm32f7xx_hal_pcd_ex.o
 .debug_aranges
                0x00000880       0xa0 ./Drivers/STM32F7xx_HAL_Driver/Src/stm32f7xx_hal_pwr.o
 .debug_aranges
                0x00000920       0x80 ./Drivers/STM32F7xx_HAL_Driver/Src/stm32f7xx_hal_pwr_ex.o
 .debug_aranges
                0x000009a0       0x88 ./Drivers/STM32F7xx_HAL_Driver/Src/stm32f7xx_hal_rcc.o
 .debug_aranges
                0x00000a28       0x50 ./Drivers/STM32F7xx_HAL_Driver/Src/stm32f7xx_hal_rcc_ex.o
 .debug_aranges
                0x00000a78      0x1d8 ./Drivers/STM32F7xx_HAL_Driver/Src/stm32f7xx_hal_spi.o
 .debug_aranges
                0x00000c50      0x3e0 ./Drivers/STM32F7xx_HAL_Driver/Src/stm32f7xx_hal_tim.o
 .debug_aranges
                0x00001030      0x180 ./Drivers/STM32F7xx_HAL_Driver/Src/stm32f7xx_hal_tim_ex.o
 .debug_aranges
                0x000011b0      0x230 ./Drivers/STM32F7xx_HAL_Driver/Src/stm32f7xx_hal_uart.o
 .debug_aranges
                0x000013e0      0x1a0 ./Drivers/STM32F7xx_HAL_Driver/Src/stm32f7xx_ll_usb.o
 .debug_aranges
                0x00001580       0x30 ./app/ap.o
 .debug_aranges
                0x000015b0       0x28 ./app/src/Heating Module Src/fan.o
 .debug_aranges
                0x000015d8       0x48 ./app/src/Heating Module Src/fan_speed.o
 .debug_aranges
                0x00001620       0x40 ./app/src/uart.o

.debug_rnglists
                0x00000000     0x1167
 .debug_rnglists
                0x00000000       0x61 ./Core/Src/main.o
 .debug_rnglists
                0x00000061       0x67 ./Core/Src/stm32f7xx_hal_msp.o
 .debug_rnglists
                0x000000c8       0x4f ./Core/Src/stm32f7xx_it.o
 .debug_rnglists
                0x00000117       0x13 ./Core/Src/sysmem.o
 .debug_rnglists
                0x0000012a       0x1a ./Core/Src/system_stm32f7xx.o
 .debug_rnglists
                0x00000144       0x19 ./Core/Startup/startup_stm32f767zitx.o
 .debug_rnglists
                0x0000015d       0xc7 ./Drivers/STM32F7xx_HAL_Driver/Src/stm32f7xx_hal.o
 .debug_rnglists
                0x00000224       0xda ./Drivers/STM32F7xx_HAL_Driver/Src/stm32f7xx_hal_cortex.o
 .debug_rnglists
                0x000002fe       0x70 ./Drivers/STM32F7xx_HAL_Driver/Src/stm32f7xx_hal_dma.o
 .debug_rnglists
                0x0000036e      0x183 ./Drivers/STM32F7xx_HAL_Driver/Src/stm32f7xx_hal_eth.o
 .debug_rnglists
                0x000004f1       0x3f ./Drivers/STM32F7xx_HAL_Driver/Src/stm32f7xx_hal_gpio.o
 .debug_rnglists
                0x00000530       0xfa ./Drivers/STM32F7xx_HAL_Driver/Src/stm32f7xx_hal_pcd.o
 .debug_rnglists
                0x0000062a       0x32 ./Drivers/STM32F7xx_HAL_Driver/Src/stm32f7xx_hal_pcd_ex.o
 .debug_rnglists
                0x0000065c       0x74 ./Drivers/STM32F7xx_HAL_Driver/Src/stm32f7xx_hal_pwr.o
 .debug_rnglists
                0x000006d0       0x5f ./Drivers/STM32F7xx_HAL_Driver/Src/stm32f7xx_hal_pwr_ex.o
 .debug_rnglists
                0x0000072f       0x67 ./Drivers/STM32F7xx_HAL_Driver/Src/stm32f7xx_hal_rcc.o
 .debug_rnglists
                0x00000796       0x3c ./Drivers/STM32F7xx_HAL_Driver/Src/stm32f7xx_hal_rcc_ex.o
 .debug_rnglists
                0x000007d2      0x178 ./Drivers/STM32F7xx_HAL_Driver/Src/stm32f7xx_hal_spi.o
 .debug_rnglists
                0x0000094a      0x328 ./Drivers/STM32F7xx_HAL_Driver/Src/stm32f7xx_hal_tim.o
 .debug_rnglists
                0x00000c72      0x138 ./Drivers/STM32F7xx_HAL_Driver/Src/stm32f7xx_hal_tim_ex.o
 .debug_rnglists
                0x00000daa      0x1e0 ./Drivers/STM32F7xx_HAL_Driver/Src/stm32f7xx_hal_uart.o
 .debug_rnglists
                0x00000f8a      0x147 ./Drivers/STM32F7xx_HAL_Driver/Src/stm32f7xx_ll_usb.o
 .debug_rnglists
                0x000010d1       0x20 ./app/ap.o
 .debug_rnglists
                0x000010f1       0x19 ./app/src/Heating Module Src/fan.o
 .debug_rnglists
                0x0000110a       0x32 ./app/src/Heating Module Src/fan_speed.o
 .debug_rnglists
                0x0000113c       0x2b ./app/src/uart.o

.debug_macro    0x00000000    0x2b816
 .debug_macro   0x00000000      0x3ff ./Core/Src/main.o
 .debug_macro   0x000003ff      0xaf0 ./Core/Src/main.o
 .debug_macro   0x00000eef      0x2a5 ./Core/Src/main.o
 .debug_macro   0x00001194       0x2e ./Core/Src/main.o
 .debug_macro   0x000011c2       0x3b ./Core/Src/main.o
 .debug_macro   0x000011fd       0x22 ./Core/Src/main.o
 .debug_macro   0x0000121f       0x8e ./Core/Src/main.o
 .debug_macro   0x000012ad       0x51 ./Core/Src/main.o
 .debug_macro   0x000012fe      0x103 ./Core/Src/main.o
 .debug_macro   0x00001401       0x6a ./Core/Src/main.o
 .debug_macro   0x0000146b      0x1df ./Core/Src/main.o
 .debug_macro   0x0000164a       0x1c ./Core/Src/main.o
 .debug_macro   0x00001666       0x22 ./Core/Src/main.o
 .debug_macro   0x00001688       0xd9 ./Core/Src/main.o
 .debug_macro   0x00001761     0x12cd ./Core/Src/main.o
 .debug_macro   0x00002a2e      0x11f ./Core/Src/main.o
 .debug_macro   0x00002b4d       0x19 ./Core/Src/main.o
 .debug_macro   0x00002b66    0x1aa23 ./Core/Src/main.o
 .debug_macro   0x0001d589       0x6d ./Core/Src/main.o
 .debug_macro   0x0001d5f6     0x375e ./Core/Src/main.o
 .debug_macro   0x00020d54      0x190 ./Core/Src/main.o
 .debug_macro   0x00020ee4       0x63 ./Core/Src/main.o
 .debug_macro   0x00020f47     0x1add ./Core/Src/main.o
 .debug_macro   0x00022a24      0x6c4 ./Core/Src/main.o
 .debug_macro   0x000230e8      0x18b ./Core/Src/main.o
 .debug_macro   0x00023273      0x115 ./Core/Src/main.o
 .debug_macro   0x00023388      0x26e ./Core/Src/main.o
 .debug_macro   0x000235f6       0xa5 ./Core/Src/main.o
 .debug_macro   0x0002369b      0x24f ./Core/Src/main.o
 .debug_macro   0x000238ea       0x71 ./Core/Src/main.o
 .debug_macro   0x0002395b       0x58 ./Core/Src/main.o
 .debug_macro   0x000239b3      0x236 ./Core/Src/main.o
 .debug_macro   0x00023be9      0xb99 ./Core/Src/main.o
 .debug_macro   0x00024782      0x14e ./Core/Src/main.o
 .debug_macro   0x000248d0      0x3db ./Core/Src/main.o
 .debug_macro   0x00024cab       0x12 ./Core/Src/main.o
 .debug_macro   0x00024cbd      0x22c ./Core/Src/main.o
 .debug_macro   0x00024ee9       0x61 ./Core/Src/main.o
 .debug_macro   0x00024f4a       0xa5 ./Core/Src/main.o
 .debug_macro   0x00024fef      0x12e ./Core/Src/main.o
 .debug_macro   0x0002511d      0x108 ./Core/Src/main.o
 .debug_macro   0x00025225       0x35 ./Core/Src/main.o
 .debug_macro   0x0002525a      0x2fe ./Core/Src/main.o
 .debug_macro   0x00025558      0xa91 ./Core/Src/main.o
 .debug_macro   0x00025fe9       0xa9 ./Core/Src/main.o
 .debug_macro   0x00026092      0x5ba ./Core/Src/main.o
 .debug_macro   0x0002664c       0x44 ./Core/Src/main.o
 .debug_macro   0x00026690      0x2cb ./Core/Src/main.o
 .debug_macro   0x0002695b       0xba ./Core/Src/main.o
 .debug_macro   0x00026a15      0x15b ./Core/Src/main.o
 .debug_macro   0x00026b70      0x1e4 ./Core/Src/main.o
 .debug_macro   0x00026d54       0x61 ./Core/Src/main.o
 .debug_macro   0x00026db5       0x29 ./Core/Src/main.o
 .debug_macro   0x00026dde       0x43 ./Core/Src/main.o
 .debug_macro   0x00026e21       0x34 ./Core/Src/main.o
 .debug_macro   0x00026e55      0x370 ./Core/Src/main.o
 .debug_macro   0x000271c5       0x16 ./Core/Src/main.o
 .debug_macro   0x000271db       0x4a ./Core/Src/main.o
 .debug_macro   0x00027225       0x34 ./Core/Src/main.o
 .debug_macro   0x00027259       0x10 ./Core/Src/main.o
 .debug_macro   0x00027269       0x58 ./Core/Src/main.o
 .debug_macro   0x000272c1       0x8e ./Core/Src/main.o
 .debug_macro   0x0002734f       0x1c ./Core/Src/main.o
 .debug_macro   0x0002736b      0x185 ./Core/Src/main.o
 .debug_macro   0x000274f0       0x10 ./Core/Src/main.o
 .debug_macro   0x00027500       0x3c ./Core/Src/main.o
 .debug_macro   0x0002753c       0x20 ./Core/Src/main.o
 .debug_macro   0x0002755c       0x22 ./Core/Src/main.o
 .debug_macro   0x0002757e       0x58 ./Core/Src/main.o
 .debug_macro   0x000275d6       0x1c ./Core/Src/main.o
 .debug_macro   0x000275f2       0x1c ./Core/Src/main.o
 .debug_macro   0x0002760e       0x16 ./Core/Src/main.o
 .debug_macro   0x00027624      0x146 ./Core/Src/main.o
 .debug_macro   0x0002776a       0x16 ./Core/Src/main.o
 .debug_macro   0x00027780       0x16 ./Core/Src/main.o
 .debug_macro   0x00027796       0x29 ./Core/Src/main.o
 .debug_macro   0x000277bf      0x19b ./Core/Src/main.o
 .debug_macro   0x0002795a      0x19c ./Core/Src/main.o
 .debug_macro   0x00027af6       0x40 ./Core/Src/main.o
 .debug_macro   0x00027b36       0x10 ./Core/Src/main.o
 .debug_macro   0x00027b46       0x10 ./Core/Src/main.o
 .debug_macro   0x00027b56      0x235 ./Core/Src/stm32f7xx_hal_msp.o
 .debug_macro   0x00027d8b      0x23f ./Core/Src/stm32f7xx_it.o
 .debug_macro   0x00027fca      0x112 ./Core/Src/sysmem.o
 .debug_macro   0x000280dc      0x23c ./Core/Src/sysmem.o
 .debug_macro   0x00028318      0x226 ./Core/Src/system_stm32f7xx.o
 .debug_macro   0x0002853e      0x24a ./Drivers/STM32F7xx_HAL_Driver/Src/stm32f7xx_hal.o
 .debug_macro   0x00028788      0x226 ./Drivers/STM32F7xx_HAL_Driver/Src/stm32f7xx_hal_cortex.o
 .debug_macro   0x000289ae      0x22c ./Drivers/STM32F7xx_HAL_Driver/Src/stm32f7xx_hal_dma.o
 .debug_macro   0x00028bda      0x300 ./Drivers/STM32F7xx_HAL_Driver/Src/stm32f7xx_hal_eth.o
 .debug_macro   0x00028eda      0x22c ./Drivers/STM32F7xx_HAL_Driver/Src/stm32f7xx_hal_gpio.o
 .debug_macro   0x00029106      0x232 ./Drivers/STM32F7xx_HAL_Driver/Src/stm32f7xx_hal_pcd.o
 .debug_macro   0x00029338      0x226 ./Drivers/STM32F7xx_HAL_Driver/Src/stm32f7xx_hal_pcd_ex.o
 .debug_macro   0x0002955e      0x244 ./Drivers/STM32F7xx_HAL_Driver/Src/stm32f7xx_hal_pwr.o
 .debug_macro   0x000297a2      0x23e ./Drivers/STM32F7xx_HAL_Driver/Src/stm32f7xx_hal_pwr_ex.o
 .debug_macro   0x000299e0      0x24a ./Drivers/STM32F7xx_HAL_Driver/Src/stm32f7xx_hal_rcc.o
 .debug_macro   0x00029c2a      0x226 ./Drivers/STM32F7xx_HAL_Driver/Src/stm32f7xx_hal_rcc_ex.o
 .debug_macro   0x00029e50      0x235 ./Drivers/STM32F7xx_HAL_Driver/Src/stm32f7xx_hal_spi.o
 .debug_macro   0x0002a085      0x227 ./Drivers/STM32F7xx_HAL_Driver/Src/stm32f7xx_hal_tim.o
 .debug_macro   0x0002a2ac      0x226 ./Drivers/STM32F7xx_HAL_Driver/Src/stm32f7xx_hal_tim_ex.o
 .debug_macro   0x0002a4d2      0x243 ./Drivers/STM32F7xx_HAL_Driver/Src/stm32f7xx_hal_uart.o
 .debug_macro   0x0002a715      0x226 ./Drivers/STM32F7xx_HAL_Driver/Src/stm32f7xx_ll_usb.o
 .debug_macro   0x0002a93b      0x3f0 ./app/ap.o
 .debug_macro   0x0002ad2b      0x39f ./app/src/Heating Module Src/fan.o
 .debug_macro   0x0002b0ca      0x3b5 ./app/src/Heating Module Src/fan_speed.o
 .debug_macro   0x0002b47f      0x397 ./app/src/uart.o

.debug_line     0x00000000    0x1c8e8
 .debug_line    0x00000000      0xef8 ./Core/Src/main.o
 .debug_line    0x00000ef8      0xb27 ./Core/Src/stm32f7xx_hal_msp.o
 .debug_line    0x00001a1f      0x8e0 ./Core/Src/stm32f7xx_it.o
 .debug_line    0x000022ff      0x588 ./Core/Src/sysmem.o
 .debug_line    0x00002887      0x874 ./Core/Src/system_stm32f7xx.o
 .debug_line    0x000030fb       0x7a ./Core/Startup/startup_stm32f767zitx.o
 .debug_line    0x00003175      0xb57 ./Drivers/STM32F7xx_HAL_Driver/Src/stm32f7xx_hal.o
 .debug_line    0x00003ccc      0xda7 ./Drivers/STM32F7xx_HAL_Driver/Src/stm32f7xx_hal_cortex.o
 .debug_line    0x00004a73     0x1074 ./Drivers/STM32F7xx_HAL_Driver/Src/stm32f7xx_hal_dma.o
 .debug_line    0x00005ae7     0x1b07 ./Drivers/STM32F7xx_HAL_Driver/Src/stm32f7xx_hal_eth.o
 .debug_line    0x000075ee      0xc81 ./Drivers/STM32F7xx_HAL_Driver/Src/stm32f7xx_hal_gpio.o
 .debug_line    0x0000826f     0x14fb ./Drivers/STM32F7xx_HAL_Driver/Src/stm32f7xx_hal_pcd.o
 .debug_line    0x0000976a      0x912 ./Drivers/STM32F7xx_HAL_Driver/Src/stm32f7xx_hal_pcd_ex.o
 .debug_line    0x0000a07c      0xa27 ./Drivers/STM32F7xx_HAL_Driver/Src/stm32f7xx_hal_pwr.o
 .debug_line    0x0000aaa3      0xaf7 ./Drivers/STM32F7xx_HAL_Driver/Src/stm32f7xx_hal_pwr_ex.o
 .debug_line    0x0000b59a     0x105e ./Drivers/STM32F7xx_HAL_Driver/Src/stm32f7xx_hal_rcc.o
 .debug_line    0x0000c5f8      0xfaa ./Drivers/STM32F7xx_HAL_Driver/Src/stm32f7xx_hal_rcc_ex.o
 .debug_line    0x0000d5a2     0x212d ./Drivers/STM32F7xx_HAL_Driver/Src/stm32f7xx_hal_spi.o
 .debug_line    0x0000f6cf     0x3dc2 ./Drivers/STM32F7xx_HAL_Driver/Src/stm32f7xx_hal_tim.o
 .debug_line    0x00013491     0x1c2d ./Drivers/STM32F7xx_HAL_Driver/Src/stm32f7xx_hal_tim_ex.o
 .debug_line    0x000150be     0x2e13 ./Drivers/STM32F7xx_HAL_Driver/Src/stm32f7xx_hal_uart.o
 .debug_line    0x00017ed1     0x1e08 ./Drivers/STM32F7xx_HAL_Driver/Src/stm32f7xx_ll_usb.o
 .debug_line    0x00019cd9      0xad5 ./app/ap.o
 .debug_line    0x0001a7ae      0xa96 ./app/src/Heating Module Src/fan.o
 .debug_line    0x0001b244      0xbff ./app/src/Heating Module Src/fan_speed.o
 .debug_line    0x0001be43      0xaa5 ./app/src/uart.o

.debug_str      0x00000000   0x107b2f
 .debug_str     0x00000000   0x107b2f ./Core/Src/main.o
                             0x102364 (size before relaxing)
 .debug_str     0x00107b2f    0xfd734 ./Core/Src/stm32f7xx_hal_msp.o
 .debug_str     0x00107b2f    0xfbf1d ./Core/Src/stm32f7xx_it.o
 .debug_str     0x00107b2f     0x77aa ./Core/Src/sysmem.o
 .debug_str     0x00107b2f    0xfb3b9 ./Core/Src/system_stm32f7xx.o
 .debug_str     0x00107b2f       0x63 ./Core/Startup/startup_stm32f767zitx.o
 .debug_str     0x00107b2f    0xfbdf9 ./Drivers/STM32F7xx_HAL_Driver/Src/stm32f7xx_hal.o
 .debug_str     0x00107b2f    0xfbddb ./Drivers/STM32F7xx_HAL_Driver/Src/stm32f7xx_hal_cortex.o
 .debug_str     0x00107b2f    0xfb6f8 ./Drivers/STM32F7xx_HAL_Driver/Src/stm32f7xx_hal_dma.o
 .debug_str     0x00107b2f    0xfcbf5 ./Drivers/STM32F7xx_HAL_Driver/Src/stm32f7xx_hal_eth.o
 .debug_str     0x00107b2f    0xfb477 ./Drivers/STM32F7xx_HAL_Driver/Src/stm32f7xx_hal_gpio.o
 .debug_str     0x00107b2f    0xfbdf2 ./Drivers/STM32F7xx_HAL_Driver/Src/stm32f7xx_hal_pcd.o
 .debug_str     0x00107b2f    0xfb6f4 ./Drivers/STM32F7xx_HAL_Driver/Src/stm32f7xx_hal_pcd_ex.o
 .debug_str     0x00107b2f    0xfb65a ./Drivers/STM32F7xx_HAL_Driver/Src/stm32f7xx_hal_pwr.o
 .debug_str     0x00107b2f    0xfb628 ./Drivers/STM32F7xx_HAL_Driver/Src/stm32f7xx_hal_pwr_ex.o
 .debug_str     0x00107b2f    0xfb734 ./Drivers/STM32F7xx_HAL_Driver/Src/stm32f7xx_hal_rcc.o
 .debug_str     0x00107b2f    0xfb697 ./Drivers/STM32F7xx_HAL_Driver/Src/stm32f7xx_hal_rcc_ex.o
 .debug_str     0x00107b2f    0xfbbf3 ./Drivers/STM32F7xx_HAL_Driver/Src/stm32f7xx_hal_spi.o
 .debug_str     0x00107b2f    0xfc6dc ./Drivers/STM32F7xx_HAL_Driver/Src/stm32f7xx_hal_tim.o
 .debug_str     0x00107b2f    0xfbfe2 ./Drivers/STM32F7xx_HAL_Driver/Src/stm32f7xx_hal_tim_ex.o
 .debug_str     0x00107b2f    0xfc082 ./Drivers/STM32F7xx_HAL_Driver/Src/stm32f7xx_hal_uart.o
 .debug_str     0x00107b2f    0xfbccf ./Drivers/STM32F7xx_HAL_Driver/Src/stm32f7xx_ll_usb.o
 .debug_str     0x00107b2f    0xffd5f ./app/ap.o
 .debug_str     0x00107b2f   0x1000f9 ./app/src/Heating Module Src/fan.o
 .debug_str     0x00107b2f   0x10020f ./app/src/Heating Module Src/fan_speed.o
 .debug_str     0x00107b2f   0x100065 ./app/src/uart.o

.comment        0x00000000       0x43
 .comment       0x00000000       0x43 ./Core/Src/main.o
                                 0x44 (size before relaxing)
 .comment       0x00000043       0x44 ./Core/Src/stm32f7xx_hal_msp.o
 .comment       0x00000043       0x44 ./Core/Src/stm32f7xx_it.o
 .comment       0x00000043       0x44 ./Core/Src/sysmem.o
 .comment       0x00000043       0x44 ./Core/Src/system_stm32f7xx.o
 .comment       0x00000043       0x44 ./Drivers/STM32F7xx_HAL_Driver/Src/stm32f7xx_hal.o
 .comment       0x00000043       0x44 ./Drivers/STM32F7xx_HAL_Driver/Src/stm32f7xx_hal_cortex.o
 .comment       0x00000043       0x44 ./Drivers/STM32F7xx_HAL_Driver/Src/stm32f7xx_hal_dma.o
 .comment       0x00000043       0x44 ./Drivers/STM32F7xx_HAL_Driver/Src/stm32f7xx_hal_eth.o
 .comment       0x00000043       0x44 ./Drivers/STM32F7xx_HAL_Driver/Src/stm32f7xx_hal_gpio.o
 .comment       0x00000043       0x44 ./Drivers/STM32F7xx_HAL_Driver/Src/stm32f7xx_hal_pcd.o
 .comment       0x00000043       0x44 ./Drivers/STM32F7xx_HAL_Driver/Src/stm32f7xx_hal_pcd_ex.o
 .comment       0x00000043       0x44 ./Drivers/STM32F7xx_HAL_Driver/Src/stm32f7xx_hal_pwr.o
 .comment       0x00000043       0x44 ./Drivers/STM32F7xx_HAL_Driver/Src/stm32f7xx_hal_pwr_ex.o
 .comment       0x00000043       0x44 ./Drivers/STM32F7xx_HAL_Driver/Src/stm32f7xx_hal_rcc.o
 .comment       0x00000043       0x44 ./Drivers/STM32F7xx_HAL_Driver/Src/stm32f7xx_hal_rcc_ex.o